
Memory Configuration

Name             Origin             Length             Attributes
*default*        0x0000000000000000 0xffffffffffffffff

Linker script and memory map


.bbsram_patch_ucbss
                0xffffffffa1987bd0      0x100
 hex/gps/SW_V2131_csdk.elf(.bbsram_patch_ucbss)
 .bbsram_patch_ucbss
                0xffffffffa1987bd0      0x100 hex/gps/SW_V2131_csdk.elf
                0xffffffffa1987bd0                g_spalProfileBuffer
                0xffffffffa1b00000                _bcpu_dualport_sram_uncached_data_start
                0xffffffffa1b00000                _bcpu_dualport_sram_uncached_data_end
                0xffffffff81b00000                _bcpu_dualport_sram_cached_data_start
                0xffffffff81b00000                _bcpu_dualport_sram_text_start
                0xffffffff81b00000                _bcpu_dualport_sram_cached_data_end
                0xffffffff81b00000                _bcpu_dualport_sram_text_end

.backup         0xffffffff82056d60       0xa0
 hex/gps/SW_V2131_csdk.elf(.backup)
 .backup        0xffffffff82056d60       0xa0 hex/gps/SW_V2131_csdk.elf
                0xffffffff82056d60                g_halWatchdogCtx

.internal_rom   0xffffffff81e00000     0x51f0
 hex/gps/SW_V2131_csdk.elf(.internal_rom)
 .internal_rom  0xffffffff81e00000     0x51f0 hex/gps/SW_V2131_csdk.elf
                0xffffffff81e00000                __xcpu_start
                0xffffffff81e00180                _boot_IrqHandler
                0xffffffff81e002d0                boot_HstMonitorX
                0xffffffff81e00330                boot_DbgExlTrigFunction0
                0xffffffff81e00358                monitor_entry
                0xffffffff81e0035c                initial_stack_top_var
                0xffffffff81e00360                boot_InvalidCache
                0xffffffff81e00378                boot_InvalidICache
                0xffffffff81e00398                boot_InvalidDCache
                0xffffffff81e003b8                boot_DisableInterrupt
                0xffffffff81e00401                boot_MonitorDoMonitoring
                0xffffffff81e00551                boot_Monitor
                0xffffffff81e00589                boot_UartMonitorGetBaudRate
                0xffffffff81e0059d                boot_UartMonitorSend
                0xffffffff81e00601                boot_UartMonitorGet
                0xffffffff81e00665                boot_UartMonitorOpen
                0xffffffff81e006cd                boot_UartMonitorClose
                0xffffffff81e006dd                boot_UartMonitorAck
                0xffffffff81e00769                boot_UartMonitorTimeOut
                0xffffffff81e00791                boot_UartMonitorWriteProcess
                0xffffffff81e008d9                boot_UartMonitorRpcProcess
                0xffffffff81e00a21                boot_UartMonitorReadProcess
                0xffffffff81e00be1                boot_UartMonitorExitProcess
                0xffffffff81e00c35                boot_UartMonitorProcess
                0xffffffff81e00cdd                boot_UartMonitor
                0xffffffff81e00ffc                g_BootHostUsbFixPtr
                0xffffffff81e01000                boot_FlushDCache
                0xffffffff81e01440                boot_IrqDispatch
                0xffffffff81e01484                boot_DcacheFlushAddrRange
                0xffffffff81e015f1                mon_Event
                0xffffffff81e01629                boot_HstCmdBasicHandler
                0xffffffff81e01699                boot_HstMonitor
                0xffffffff81e01705                boot_IspiGetRomedCfg
                0xffffffff81e01791                boot_IspiOpen
                0xffffffff81e01871                boot_IspiFlushFifos
                0xffffffff81e01881                boot_IspiClearRxDmaDone
                0xffffffff81e01891                boot_IspiClearTxDmaDone
                0xffffffff81e018a1                boot_IspiClose
                0xffffffff81e018e5                boot_IspiRxIfcChannelRelease
                0xffffffff81e018fd                boot_IspiTxIfcChannelRelease
                0xffffffff81e01915                boot_IspiSendData
                0xffffffff81e01971                boot_IspiSendDataBuffer
                0xffffffff81e019dd                boot_IspiTxFifoAvail
                0xffffffff81e019f9                boot_IspiTxDmaDone
                0xffffffff81e01a29                boot_IspiTxFinished
                0xffffffff81e01a55                boot_IspiGetData
                0xffffffff81e01a85                boot_IspiGetDataBuffer
                0xffffffff81e01af1                boot_IspiRxFifoLevel
                0xffffffff81e01b09                boot_IspiRxDmaDone
                0xffffffff81e01b39                boot_IspiForcePin
                0xffffffff81e01bcd                boot_IspiGetRxIfcTc
                0xffffffff81e01be4                g_bootIspiRomedCfg
                0xffffffff81e01c49                boot_UsbResetTransfert
                0xffffffff81e01c71                boot_UsbStartTransfert
                0xffffffff81e01d79                boot_UsbCancelTransfert
                0xffffffff81e01da1                boot_UsbContinueTransfert
                0xffffffff81e02311                boot_UsbInitVar
                0xffffffff81e02339                boot_UsbOpen
                0xffffffff81e02359                boot_UsbEpStall
                0xffffffff81e023e1                boot_UsbRecv
                0xffffffff81e02429                boot_UsbSend
                0xffffffff81e024a1                boot_UsbCompletedCommand
                0xffffffff81e024dd                boot_UsbEpEnableInterrupt
                0xffffffff81e0252d                boot_UsbEpRxTransferedSize
                0xffffffff81e02549                boot_UsbEpTransfertDone
                0xffffffff81e025f9                boot_UsbClose
                0xffffffff81e02635                boot_UsbReset
                0xffffffff81e02d9d                boot_UsbIrqHandler
                0xffffffff81e02fd1                boot_HostUsbDeviceCallback
                0xffffffff81e02fdd                boot_HostUsbUartDeviceCallback
                0xffffffff81e02fe9                boot_HostUsbClockEnable
                0xffffffff81e03021                boot_HostUsbClose
                0xffffffff81e03031                boot_HostUsbSend
                0xffffffff81e03169                boot_HostUsbEvent
                0xffffffff81e03621                boot_HostUsbRecv
                0xffffffff81e036b9                boot_HostUsbInit
                0xffffffff81e03719                boot_HostUsbOpen
                0xffffffff81e03788                boot_HostUsbInterface
                0xffffffff81e0385c                boot_romCsString
                0xffffffff81e03890                boot_romDT
                0xffffffff81e038a0                MutedFrame_AMR
                0xffffffff81e038a8                MutedFrame_HR
                0xffffffff81e038b8                MutedFrame_EFR
                0xffffffff81e038d8                MutedFrame_FR
                0xffffffff81e03901                atoi
                0xffffffff81e03941                bsearch
                0xffffffff81e039a0                _ctype
                0xffffffff81e03aa1                memchr
                0xffffffff81e03ae1                memcmp
                0xffffffff81e03b10                memcpy
                0xffffffff81e03e10                memcpyb
                0xffffffff81e03e41                memmove
                0xffffffff81e03f81                memscan
                0xffffffff81e03fa0                memset
                0xffffffff81e04341                qsort
                0xffffffff81e04371                strcat
                0xffffffff81e04391                strchr
                0xffffffff81e043c1                strrchr
                0xffffffff81e043e1                strcmp
                0xffffffff81e04421                strcpy
                0xffffffff81e04441                strcspn
                0xffffffff81e04481                strlen
                0xffffffff81e044a1                strnlen
                0xffffffff81e044c1                strncat
                0xffffffff81e04511                strncmp
                0xffffffff81e04551                strncpy
                0xffffffff81e04591                strnicmp
                0xffffffff81e04611                strsep
                0xffffffff81e04651                strspn
                0xffffffff81e04681                strstr
                0xffffffff81e046e1                strtok_r
                0xffffffff81e04761                strtok
                0xffffffff81e04781                strtol
                0xffffffff81e04941                strtoul

.ramtext        0xffffffff82001f00    0x15210 load address 0xffffffff8801cc40
 hex/gps/SW_V2131_csdk.elf(.ramtext)
 .ramtext       0xffffffff82001f00    0x15210 hex/gps/SW_V2131_csdk.elf
                0xffffffff82001f00                _ram_cached_txt_start
                0xffffffff82001f01                hal_AifSetSideTone
                0xffffffff82001f11                hal_AifStopPlay
                0xffffffff82001f59                hal_AifStopRecord
                0xffffffff82001fa1                hal_AifIrqHandler
                0xffffffff82002009                hal_AifPause
                0xffffffff8200202d                hal_AifTonePause
                0xffffffff82002051                hal_AifSideToneGainDb2Val
                0xffffffff82002071                hal_AifEnFMRecNewPath
                0xffffffff820022e9                clkInitAIF
                0xffffffff82002315                hal_AifTone
                0xffffffff820024ed                hal_AifRecordStream
                0xffffffff82002571                hal_AifPlayStream
                0xffffffff820025e5                hal_AifClose
                0xffffffff8200271d                hal_AifOpen
                0xffffffff820029b1                hal_AIFSetTxStb
                0xffffffff820029d9                hal_AnaGpadcSetCalibData
                0xffffffff82002a0d                hal_AnaGpadcSleep
                0xffffffff82002a99                hal_AnaGpadcGetRaw
                0xffffffff82002bd1                hal_AnaGpadcGpadc2Volt
                0xffffffff82002cc1                hal_AnaGpadcGet
                0xffffffff82002d29                hal_AnaGpadcWakeUp
                0xffffffff82002d39                hal_AnaGpadcClose
                0xffffffff82002d59                hal_AnaGpadcOpen
                0xffffffff82002da1                hal_ComregsSetSnapCfg
                0xffffffff82002db5                hal_ComregsIrqHandler
                0xffffffff82002e01                hal_ComregsXcpuIrqClearCause
                0xffffffff82002e39                hal_ComregsGetMask
                0xffffffff82002e9d                hal_ComregsSetIrqHandler
                0xffffffff82002ed5                hal_ConfigFmIo
                0xffffffff82002f89                hal_BoardSetupGeneral
                0xffffffff820031c9                hal_BoardSetup
                0xffffffff820031fd                hal_BoardConfigClk32k
                0xffffffff8200324d                hal_DbgSignalSpyCfg
                0xffffffff82003251                hal_DbgTriggerBcpuDebugIrq
                0xffffffff8200326d                hal_DbgFatalTrigger
                0xffffffff82003285                hal_DbgPalFillTrace
                0xffffffff82003301                hal_DbgPalFlushTrace
                0xffffffff820033c1                hal_DmaReadFcs
                0xffffffff820033e9                clkInitDMA
                0xffffffff82003415                hal_DmaIrqHandler
                0xffffffff82003451                hal_DmaStart
                0xffffffff82003511                hal_DmaFcsStart
                0xffffffff820035ed                hal_DmaGeaStart
                0xffffffff82003705                clkInitHOST_UART
                0xffffffff82003731                hal_HstRamClientIdle
                0xffffffff820038f5                clkInitPWM
                0xffffffff82003921                hal_PwmResourceMgmt
                0xffffffff82003989                hal_PwlSelLevel
                0xffffffff82003a31                hal_PwlGlow
                0xffffffff82003a85                hal_BuzzStop
                0xffffffff82003a9d                hal_BuzzStart
                0xffffffff82003b45                abb_SpiRegValueInit
                0xffffffff82003b61                abb_RegisterSpiRegCheckFunc
                0xffffffff82003b89                hal_AbbRegWrite
                0xffffffff82003bc1                hal_AbbRegRead
                0xffffffff82003c01                abb_SpiRegCheck
                0xffffffff82003cc1                hal_AbbIspiRead
                0xffffffff82003cd9                hal_SimGetRegConfig
                0xffffffff82003ce5                hal_SimGetRegClkDiv
                0xffffffff82003cf1                hal_SimGetRegTimes
                0xffffffff82003cfd                hal_SimGetRegChFilt
                0xffffffff82003d09                hal_SimGetRegIntMask
                0xffffffff82003d15                hal_SimGetRegIntCause
                0xffffffff82003d21                hal_SimGetRegRxCnt
                0xffffffff82003d2d                hal_SimGetRegStatus
                0xffffffff82003d39                hal_simParseReg
                0xffffffff82003d81                hal_SimUpdateDivider
                0xffffffff82003e65                hal_SimGetDataConvFormat
                0xffffffff82003e85                hal_SimSetDataConvFormat
                0xffffffff82003eb1                hal_SimRegReset
                0xffffffff82003ed1                hal_SimGetClkStatus
                0xffffffff82003ee5                hal_SimGetClkStopStatus
                0xffffffff82003f01                hal_SimEnableSci
                0xffffffff82003f25                hal_SimDisableSci
                0xffffffff82003f39                hal_SimPowerDown
                0xffffffff82003f55                hal_SimSetClockStopMode
                0xffffffff82003f8d                hal_SimSetWorkWaitingTime
                0xffffffff82003fb1                hal_SimSetEtuDuration
                0xffffffff82004045                hal_SimGetNumRxBytes
                0xffffffff82004051                hal_SimIrqSetHandler
                0xffffffff8200405d                hal_SimIrqSetMask
                0xffffffff82004091                clkInitSIM
                0xffffffff820040e1                hal_SimIrqHandler
                0xffffffff82004385                hal_SimDMAReleaseIFC
                0xffffffff820043ad                hal_SimDelayAfterEpps
                0xffffffff8200441d                hal_SimReset
                0xffffffff820044a5                hal_SimTxByteRxByte
                0xffffffff820045e5                hal_SimCheckClockStatus
                0xffffffff82004615                hal_SimOpen
                0xffffffff82004691                hal_SimDeactive
                0xffffffff820046f9                hal_hstTraceSetRxProc
                0xffffffff82004819                hal_HstTraceSetFnStamp
                0xffffffff82004819                hal_TraceDualSetFnStamp
                0xffffffff820048f9                hal_TraceDualDataFilled
                0xffffffff820048f9                hal_HstTraceDataFilled
                0xffffffff82004945                hal_TraceDualSetDdrEnabled
                0xffffffff82004945                hal_HstTraceSetDdrEnabled
                0xffffffff820049f1                hal_HstTraceIdleCheck
                0xffffffff820049f1                hal_TraceDualIdleCheck
                0xffffffff82004af9                hal_HstTraceSetTxEnabled
                0xffffffff82004af9                hal_TraceDualSetTxEnabled
                0xffffffff82004b4d                hal_TraceDualSetRxEnabled
                0xffffffff82004b4d                hal_HstTraceSetRxEnabled
                0xffffffff82004b59                hal_HstTraceTxFlush
                0xffffffff82004b59                hal_TraceDualTxFlush
                0xffffffff82004bcd                hal_TraceDualFetch
                0xffffffff82004bcd                hal_HstTraceFetch
                0xffffffff82004ca5                hal_TraceDualOpen
                0xffffffff82004ca5                hal_HstTraceOpen
                0xffffffff82004de9                hal_TraceDualRequestData
                0xffffffff82004de9                hal_HstTraceRequestData
                0xffffffff82004e61                hal_HstTraceOutput
                0xffffffff82004e61                hal_TraceDualOutput
                0xffffffff82004ec5                hal_TraceDualRequestDataTick
                0xffffffff82004ec5                hal_HstTraceRequestDataTick
                0xffffffff82004f4d                hal_SysStartBcpu
                0xffffffff82004f95                hal_SysDdrIsHighFreq
                0xffffffff82004fa1                hal_SysSetupSystemClock
                0xffffffff82004ffd                hal_SysGetThermal_cal
                0xffffffff8200501d                hal_SysClkInit
                0xffffffff82005041                hal_SysAuxClkOut
                0xffffffff82005081                hal_SysGetResetCause
                0xffffffff820050dd                hal_SysUsbHostEnable
                0xffffffff820050e9                hal_SysProcessHostMonitor
                0xffffffff8200511d                hal_Sys32kClkOut
                0xffffffff8200516d                hal_SysGetMetalId
                0xffffffff8200517d                hal_SysGetChipId
                0xffffffff8200518d                hal_SysInvalidateCache
                0xffffffff820051a9                hal_SysSetVocClock
                0xffffffff8200546d                hal_SysSetBBClock
                0xffffffff8200568d                hal_BootEnterMonitor
                0xffffffff820056c1                hal_SysShutdown
                0xffffffff82005709                hal_SysGetFreq
                0xffffffff8200575d                hal_SysRequestDdrHighFreq
                0xffffffff8200582d                hal_SysProcessIdle
                0xffffffff82005871                hal_SysSetActiveSimCount
                0xffffffff820058a1                hal_SysSetTcuWrapValue
                0xffffffff82005905                hal_CipherKcInit
                0xffffffff82005921                hal_DbgPxtsOpen
                0xffffffff820059d9                hal_DbgAssert
                0xffffffff82005a4d                hal_FintIrqSetHandler
                0xffffffff82005a59                hal_FintIrqSetMask
                0xffffffff82005a75                GPIO_GetConfig
                0xffffffff82005b01                GPIO_Close
                0xffffffff82005b29                GPIO_Get
                0xffffffff82005b59                GPIO_GetLevel
                0xffffffff82005b8d                GPIO_Set
                0xffffffff82005bc1                GPIO_SetLevel
                0xffffffff82005c05                GPIO_ChangeMode
                0xffffffff82005c45                GPIO_Init
                0xffffffff82005e79                hal_IspiUpdateDivider
                0xffffffff82005eb9                hal_IspiOpen
                0xffffffff82005f05                hal_LpsOpen
                0xffffffff82005f51                hal_LpsInvalidateCalib
                0xffffffff82005f61                hal_LpsForceOsTimAlignEnable
                0xffffffff82005f89                hal_LpsSetCallback
                0xffffffff82005f95                hal_LpsGetElapsedFrames
                0xffffffff82005fc5                hal_LpsFrameSkipping
                0xffffffff82005fe1                hal_LpsIrqHandler
                0xffffffff8200601d                hal_LpsReady
                0xffffffff82006091                hal_LpsSleep
                0xffffffff820061e1                hal_LpsSkipFrame
                0xffffffff820062f9                hal_LpsResumeFrame
                0xffffffff820063e9                hal_Open
                0xffffffff82006551                hal_RfspiClose
                0xffffffff8200656d                hal_RfspiGetStatus
                0xffffffff820065f9                hal_RfspiDigRfRead
                0xffffffff8200670d                hal_RfspiNewSingleCmd
                0xffffffff82006729                hal_RfspiImmReadWriteAvail
                0xffffffff82006769                hal_RfspiImmWrite
                0xffffffff82006a59                hal_RfspiIrqHandler
                0xffffffff82006a99                hal_RfspiUpdateDivider
                0xffffffff82006b25                hal_RfspiConfigure
                0xffffffff82006ca1                hal_RfspiSendCmd
                0xffffffff82006d25                hal_RfspiOpen
                0xffffffff82006d8d                hal_SpiClearRxDmaDone
                0xffffffff82006da1                hal_SpiClearTxDmaDone
                0xffffffff82006db5                hal_SpiClose
                0xffffffff820072e1                clkInitSPI2
                0xffffffff8200730d                clkInitSPI1
                0xffffffff82007339                hal_SpiIrqHandler
                0xffffffff820073c5                hal_SpiIrqSetMask
                0xffffffff82007461                hal_SpiIrqSetHandler
                0xffffffff820074c9                hal_SpiRxDmaDone
                0xffffffff82007571                hal_SpiTxFinished
                0xffffffff820075e9                hal_SpiTxDmaDone
                0xffffffff820076d5                hal_SpiUpdateDivider
                0xffffffff8200779d                hal_SpiUpdateAllDividers
                0xffffffff820077f1                hal_SpiOpen
                0xffffffff82007ccd                hal_SpiFlushFifos
                0xffffffff82007d05                hal_SpiGetData
                0xffffffff82007e0d                hal_SpiSendData
                0xffffffff82007f39                hal_SpiTxIfcChannelRelease
                0xffffffff82007f69                hal_SpiRxIfcChannelRelease
                0xffffffff82007f99                hal_SpiDeActivateCs
                0xffffffff820080d1                hal_SpiActivateCs
                0xffffffff82008361                SPI_FlushFIFOs
                0xffffffff82008389                SPI_ClearRxDmaDone
                0xffffffff820083b1                SPI_ClearTxDmaDone
                0xffffffff820083d9                SPI_IsRxDmaDone
                0xffffffff82008415                SPI_IsTxDmaDone
                0xffffffff82008451                SPI_IsTxDone
                0xffffffff8200848d                SPI_Read
                0xffffffff820084cd                SPI_Write
                0xffffffff8200850d                SPI_SetIrqMask
                0xffffffff82008581                SPI_SetIrqHandler
                0xffffffff820085e9                SPI_Close
                0xffffffff82008629                SPI_Init
                0xffffffff82008829                hal_SoftAbort
                0xffffffff82008848                sxr_TaskSetUp
                0xffffffff82008870                sxr_TaskFirst
                0xffffffff820088b4                sxr_JobSetUp
                0xffffffff820088e1                hal_IfcOpen
                0xffffffff820089e5                hal_IfcGetChannel
                0xffffffff82008a55                hal_IfcGetTc
                0xffffffff82008ab1                hal_IfcChannelIsFifoEmpty
                0xffffffff82008b11                hal_IfcChannelFlush
                0xffffffff82008b71                hal_IfcChannelRelease
                0xffffffff82008bcd                hal_IfcTransferStart
                0xffffffff82008d41                hal_TcuOpen
                0xffffffff82008d4d                hal_TcuStart
                0xffffffff82008d71                hal_TcuStop
                0xffffffff82008d89                hal_TcuGetCount
                0xffffffff82008d95                hal_TcuIrqSetHandler
                0xffffffff82008da9                hal_TcuIrqSetMask
                0xffffffff82008dd9                hal_TcuIrqHandler
                0xffffffff82008e5d                hal_TimWatchDogKeepAlive
                0xffffffff82008e79                hal_TimWatchDogClose
                0xffffffff82008e89                hal_TimTickIrqHandler
                0xffffffff82008ead                hal_TimTickGetVal
                0xffffffff82008eb9                hal_TimTickStart
                0xffffffff82008ed5                hal_TimTickIrqSetMask
                0xffffffff82008eed                hal_TimChangeExpirationTime
                0xffffffff82008f29                hal_TimGetElapsedTime
                0xffffffff82008f59                hal_TimSetExpirationTime
                0xffffffff82008fad                hal_TimTimersIrqHandler
                0xffffffff82008fbd                hal_TimeWdRecover
                0xffffffff82009011                hal_TimTickOpen
                0xffffffff82009055                hal_TickIrqHandler
                0xffffffff82009085                hal_TimWatchDogSetPeriod
                0xffffffff820090c1                hal_TimWatchDogOpen
                0xffffffff82009108                setjmp
                0xffffffff8200913c                longjmp
                0xffffffff82009194                pal_assert_string_0
                0xffffffff820091d0                pal_assert_string_1
                0xffffffff82009200                pal_assert_string_2
                0xffffffff82009220                pal_assert_string_3
                0xffffffff8200924c                pal_assert_string_4
                0xffffffff8200926c                pal_assert_string_5
                0xffffffff82009290                pal_assert_string_6
                0xffffffff820092ac                pal_assert_string_7
                0xffffffff820092cc                pal_assert_string_8
                0xffffffff820092e8                pal_assert_string_9
                0xffffffff82009314                pal_assert_string_13
                0xffffffff82009334                pal_assert_string_14
                0xffffffff82009354                pal_assert_string_15
                0xffffffff8200938c                pal_assert_string_16
                0xffffffff820093b0                pal_assert_string_17
                0xffffffff820093d8                pal_assert_string_18
                0xffffffff8200941c                palSizeFromCs
                0xffffffff82009420                palSizeFromCSD
                0xffffffff82009459                pal_RfWakeUp
                0xffffffff8200945d                palTimersSkippedUpdate
                0xffffffff820094d9                palWinInit
                0xffffffff82009509                palFrameInit
                0xffffffff82009561                pal_CalibGetDcOffset
                0xffffffff8200958d                pal_SetPcsFlag
                0xffffffff8200959d                pal_GetTriBandSearchSupport
                0xffffffff820095a9                pal_SetUSF
                0xffffffff820095ad                pal_EnableSaic
                0xffffffff820095d1                pal_LimitMaxTxPower
                0xffffffff820095e9                palHwInit
                0xffffffff82009711                palCommonInit
                0xffffffff820097d5                palSetRamps_calib
                0xffffffff82009b81                palStartBcpu
                0xffffffff82009c6d                pal_Sleep
                0xffffffff82009c81                pal_StopTch
                0xffffffff82009cc9                pal_SetTchLoop
                0xffffffff82009d15                pal_GetDtx
                0xffffffff82009d65                pal_SetDtx
                0xffffffff82009db1                pal_RetrieveCurrentAMRCfg
                0xffffffff82009e49                pal_ChangeTchMode
                0xffffffff82009f11                pal_StartTch
                0xffffffff82009fe5                pal_StopCiphering
                0xffffffff8200a025                pal_RxBufferCfg
                0xffffffff8200a0ed                pal_SetGsmCounters
                0xffffffff8200a159                pal_RfSleep
                0xffffffff8200a16d                pal_GetElapsedTime
                0xffffffff8200a1bd                pal_FintResume
                0xffffffff8200a221                pal_FintSuspend
                0xffffffff8200a2b1                pal_GprsCiphering
                0xffffffff8200a371                pal_StartCiphering
                0xffffffff8200a425                pal_CalibSetTxWin
                0xffffffff8200a569                pal_Initialisation
                0xffffffff8200a685                pal_SetUsrVectorMsk
                0xffffffff8200a6fd                pal_SetUsrVector
                0xffffffff8200a781                pal_Open
                0xffffffff8200ab4d                sxr_ReleaseMutex
                0xffffffff8200ac4d                sxr_TakeMutex
                0xffffffff8200acfd                sxr_InitQueue
                0xffffffff8200ad75                sxr_FreeQueueEnv
                0xffffffff8200ada1                sxr_QueueGetFirst
                0xffffffff8200adf1                sxr_QueueGetLast
                0xffffffff8200ae7d                sxr_QueueGetNext
                0xffffffff8200aefd                sxr_QueueGetCur
                0xffffffff8200af41                sxr_QueueGet
                0xffffffff8200afd5                sxr_QueueRmvFirst
                0xffffffff8200b04d                sxr_QueueGetCurPos
                0xffffffff8200b099                sxr_QueueSetCurPos
                0xffffffff8200b109                sxr_QueueGetLoad
                0xffffffff8200b121                sxr_QueueGetName
                0xffffffff8200b139                sxr_CheckQueue
                0xffffffff8200b261                sxr_CheckAllQueues
                0xffffffff8200b27d                sxr_QueueRmvCur
                0xffffffff8200b32d                sxr_QueuePurge
                0xffffffff8200b3c1                sxr_QueueRmv
                0xffffffff8200b42d                sxr_QueueRmvLast
                0xffffffff8200b4fd                sxr_FreeQueue
                0xffffffff8200b599                _sxr_NewQueue
                0xffffffff8200b6a1                _sxr_QueueSorted
                0xffffffff8200b779                _sxr_QueueNext
                0xffffffff8200b841                _sxr_QueueLast
                0xffffffff8200b889                _sxr_QueueFirst
                0xffffffff8200b90d                sxr_SbxHot
                0xffffffff8200b931                sxr_RmvTaskFromSbx
                0xffffffff8200b9a1                sxr_RmvMsgFromMbx
                0xffffffff8200bab5                sxr_RmvAllMsgFromMbx
                0xffffffff8200bb09                sxr_CheckMsgInMbx
                0xffffffff8200bba5                sxr_WakeupFirstTaskFromQueue
                0xffffffff8200bc09                sxr_TaskWaitToQueue
                0xffffffff8200bcf9                sxr_WaitEx
                0xffffffff8200c00d                sxr_Wait
                0xffffffff8200c025                sxr_TakeSemaphore
                0xffffffff8200c071                sxr_Send
                0xffffffff8200c2c9                sxr_ReleaseSemaphore
                0xffffffff8200c341                sxr_DeleteComplexTimer
                0xffffffff8200c4b1                sxr_DeleteTimer
                0xffffffff8200c4c9                _sxr_StopFunctionTimer
                0xffffffff8200c531                sxr_DeleteTimerEx
                0xffffffff8200c6a1                _sxr_StopFunctionTimer2
                0xffffffff8200c6d9                sxr_IsTimerSet
                0xffffffff8200c73d                sxr_NextTimerQuery
                0xffffffff8200c7dd                sxr_TimerQuery
                0xffffffff8200c881                sxs_ExistTimer
                0xffffffff8200c8a5                sxr_TimerExQuery
                0xffffffff8200c949                sxr_Tampax
                0xffffffff8200cb29                sxr_SetTimer
                0xffffffff8200cd51                sxr_StartMbxTimer
                0xffffffff8200cd75                _sxr_StartFunctionTimer
                0xffffffff8200cdd5                sxr_StopMbxTimer
                0xffffffff8200ce3d                sxs_StopAllTimer
                0xffffffff8200ce89                sxs_StopTimer
                0xffffffff8200ced5                sxs_StartTimer
                0xffffffff8200cf25                sxr_EnterScSchedule
                0xffffffff8200cf69                sxr_RmvFromSuspendedQueue
                0xffffffff8200cfe9                sxr_RunNextTask
                0xffffffff8200d141                sxr_SuspendTask
                0xffffffff8200d1e1                sxr_ScheduleIdle
                0xffffffff8200d2b5                sxr_ExitScSchedule
                0xffffffff8200d341                sxr_WakeUpTask
                0xffffffff8200d491                sxr_ResumeTask
                0xffffffff8200d4e1                sxr_StopTask
                0xffffffff8200d655                sxr_StartTask
                0xffffffff8200d70d                sxr_GenPrbs
                0xffffffff8200d749                _sxr_Random
                0xffffffff8200d7dd                sxr_ComputeFcsM
                0xffffffff8200d84d                sxr_ComputeMedian_u16
                0xffffffff8200d8cd                sxr_ComputeMedian_s16
                0xffffffff8200d955                sxr_Sleep
                0xffffffff8200d9f1                sxr_ComputeFcs
                0xffffffff8200da55                sxr_RandomInit
                0xffffffff8200da80                sxr_MsbToLsb
                0xffffffff8200db80                sxr_FcsTab
                0xffffffff8200df81                sxr_UsrMalloc
                0xffffffff8200e089                _sxr_UsrFree
                0xffffffff8200e159                sxs_SetTraceEnabled
                0xffffffff8200e165                sxs_Dump
                0xffffffff8200e381                sxs_vprintf
                0xffffffff8200e44d                sxs_fprintf
                0xffffffff8200e505                sxs_BackTrace
                0xffffffff8200e615                sxs_Raise
                0xffffffff8200e6d1                sxs_IoInit
                0xffffffff8200e6e8                sxs_Boot
                0xffffffff8200e6ed                sxr_GetActiveJob
                0xffffffff8200e6f9                sxr_GetJobState
                0xffffffff8200e715                sxr_NextFrameClear
                0xffffffff8200e7fd                JobSwap_SpyAfter
                0xffffffff8200e855                JobSwap_SpyBefore
                0xffffffff8200e8b1                sxr_ChkJob
                0xffffffff8200e9ed                sxs_CheckStkJb
                0xffffffff8200ea49                sxr_CheckJob
                0xffffffff8200ea8d                sxr_GetJobParam
                0xffffffff8200ead9                sxr_StartJob
                0xffffffff8200ec19                sxr_FreeJob
                0xffffffff8200ed2d                sxr_NewJob
                0xffffffff8200ee75                sxr_JbSdInit
                0xffffffff8200ef39                _sxr_NewHeap
                0xffffffff8200ef71                sxr_MemTrackAlloc
                0xffffffff8200efc5                sxr_MemTrackFree
                0xffffffff8200f01d                sxr_MemoryAlertDispatchRegistration
                0xffffffff8200f029                sxr_ChkHp
                0xffffffff8200f185                sxr_CheckCluster
                0xffffffff8200f235                sxr_GetRelativeRemainingSize
                0xffffffff8200f2d9                sxr_GetAbsoluteRemainingSize
                0xffffffff8200f365                sxr_NewCluster
                0xffffffff8200f451                sxr_MutexInit
                0xffffffff8200f485                sxr_ChkMutex
                0xffffffff8200f51d                sxr_CheckMutex
                0xffffffff8200f585                sxr_FreeMutex
                0xffffffff8200f609                sxr_NewMutex
                0xffffffff8200f671                sxs_RmcCtxInit
                0xffffffff8200f675                sxs_SetTraceLevel
                0xffffffff8200f695                sxs_InitRmc
                0xffffffff8200f6b9                sxs_PrcsRmtData
                0xffffffff8200f9d5                sxr_SbxInit
                0xffffffff8200fa5d                sxr_SetRmtMbx
                0xffffffff8200fa99                sxr_SetRxTxRmtMsg
                0xffffffff8200faad                sxr_SbxRxMsg
                0xffffffff8200fac9                sxr_GetSbxInfo
                0xffffffff8200fb55                sxr_ChkSbx
                0xffffffff8200fc15                sxr_CheckSbx
                0xffffffff8200fc31                sxr_FreeMailBox
                0xffffffff8200fc8d                sxr_FreeSemaphore
                0xffffffff8200fce5                sxr_NewMailBox
                0xffffffff8200fd49                sxr_NewSemaphore
                0xffffffff8200fda5                sxs_SpyEnable
                0xffffffff8200fdc1                sxs_UsrSpyEnable
                0xffffffff8200fdf5                sxs_SpyDispatchRegistration
                0xffffffff8200fe29                sxs_SpyData
                0xffffffff8201006d                sxr_CheckTimer
                0xffffffff82010121                sxr_InitTimer
                0xffffffff820101f9                sxr_TkSdInit
                0xffffffff82010255                sxr_GetCurrentTaskId
                0xffffffff82010275                sxr_GetCurrentTaskDesc
                0xffffffff82010295                sxr_SchedulingStarted
                0xffffffff820102e9                sxr_GetTaskName
                0xffffffff8201030d                sxr_GetTaskState
                0xffffffff82010325                sxr_GetStackMaxUsage
                0xffffffff82010361                sxr_GetTkPcInStack
                0xffffffff82010365                sxs_CheckPendingTk
                0xffffffff820103c9                sxr_ChkTask
                0xffffffff820104b5                sxs_CheckStkTk
                0xffffffff8201050d                sxr_CheckTask
                0xffffffff82010549                sxr_StartScheduling
                0xffffffff820105ad                sxr_FreeTask
                0xffffffff82010645                sxr_NewTask
                0xffffffff82010709                sxr_NewUsrCluster
                0xffffffff82010881                xcv_SetStableVolt
                0xffffffff82010885                rfd_XcvLimitMaxTxPower
                0xffffffff82010889                rfd_XcvGetAfcDacOffset
                0xffffffff820108a1                rfd_XcvGetCdacOffset
                0xffffffff820108ad                rfd_XcvSetAfcDacOffset
                0xffffffff820108bd                rfd_XcvSetCdacOffset
                0xffffffff820108c9                rfd_XcvFrameInit
                0xffffffff820108d9                rfd_XcvCalibGetDefault
                0xffffffff820108e5                rfd_XcvCalibUpdateValues
                0xffffffff820108e9                rfd_XcvCalibCalcAfcGain
                0xffffffff82010929                rfd_XcvCalibCalcAfcGainChangeDAC
                0xffffffff82010971                rfd_XcvCalibCalcAfcFreqChangeDAC
                0xffffffff82010991                rfd_XcvCalibSetILoss
                0xffffffff82010ab9                rfd_XcvCalibSetPaRamp
                0xffffffff82010add                rfd_XcvRegValueInit
                0xffffffff82010af9                rfd_RegisterXcvRegCheckFunc
                0xffffffff82010b25                rfd_XcvRegForceWriteSingle
                0xffffffff82010b61                rfd_XcvRegForceWrite
                0xffffffff82010b99                rfd_XcvGetParameters
                0xffffffff82010bfd                rfd_XcvRegForceRead
                0xffffffff82010c39                rfd_XcvRegCheckAll
                0xffffffff82010cd1                rfd_XcvRegCheck
                0xffffffff82010cf9                rfd_XcvCalibSetChangeDAC
                0xffffffff82010d35                rfd_XcvCalibSetAfcBoundChangeDAC
                0xffffffff82010dc9                rfd_XcvCalibSetAfcBound
                0xffffffff82010e65                rfd_XcvCalibXtalFreqOffset
                0xffffffff82010fd5                rfd_XcvCalibResetValues
                0xffffffff82011091                rfd_XcvOpen
                0xffffffff82011191                rfd_XcvReadChipId
                0xffffffff820111dd                rfd_XcvRfInit
                0xffffffff82011724                AgcTab_EGSM
                0xffffffff820118a4                AgcTab_DCS
                0xffffffff82011a24                xcv_calib_default
                0xffffffff82011bc1                rfd_PaGetParameters
                0xffffffff82011bcd                rfd_SwGetParameters
                0xffffffff82011bd9                rfd_SwOpen
                0xffffffff82011bdd                rfd_PaCalibGetDefault
                0xffffffff82011be9                rfd_PaCalibUpdateValues
                0xffffffff82011bed                rfd_PaCalibResetValues
                0xffffffff82011bf9                rfd_SwCalibGetDefault
                0xffffffff82011c05                rfd_SwCalibUpdateValues
                0xffffffff82011c09                rfd_SwCalibResetValues
                0xffffffff82012045                rfd_PaCalibPaProfile
                0xffffffff820122d9                rfd_PaCalibfastPaProfile
                0xffffffff82012501                rfd_PaCalibInit
                0xffffffff82012569                rfd_PaOpen
                0xffffffff82012580                pa_default_calib
                0xffffffff820137ac                sw_default_calib
                0xffffffff8201382d                pmd_TemperatureVolt2Degree
                0xffffffff8201384d                pmd_GetHighActivityVoltOffset
                0xffffffff820138cd                pmd_ChargerSmallCurrent
                0xffffffff820138f1                pmd_SetChargerVfb
                0xffffffff82013965                pmd_ChargerSetBgLpMode
                0xffffffff82013a4d                pmd_PmuChargerPlugout
                0xffffffff82013a69                pmd_PmuChargerPlugin
                0xffffffff82013a85                pmd_GetChargerHwStatus
                0xffffffff82013ab1                pmd_ForceChargerFinished
                0xffffffff82013afd                pmd_PmuSetChargeCurrent
                0xffffffff82013b9d                pmd_GetGpadcChargerLevel
                0xffffffff82013bd1                pmd_GetGpadcTemperatureLevel
                0xffffffff82013bed                pmd_GetGpadcTemperatureSW
                0xffffffff82013c61                pmd_PmuInitCharger
                0xffffffff82013e05                pmd_RestoreChargerAtPowerOff
                0xffffffff82013e38                gc_pmdChargerProcCfg
                0xffffffff82013e48                gc_pmdChargerProcOps
                0xffffffff82013e81                pmd_IsOpen
                0xffffffff82013e8d                pmd_SetPowerMode
                0xffffffff82013e91                pmd_EnableClk4mAvdd3InLpMode
                0xffffffff82013ee9                pmd_ConfigureRfLowPower
                0xffffffff82013f0d                pmd_GetCoreVoltageRequest
                0xffffffff82013f19                pmd_GetBatteryGpadcChannel
                0xffffffff82013f29                pmd_GetScreenAntiFlickerVolt
                0xffffffff82013f51                pmd_SpeakerPaCpLowOutput
                0xffffffff82013f5d                pmd_IsSpeakerDouble
                0xffffffff82013f61                pmd_TsdTscEnabled
                0xffffffff82013f71                pmd_SpiRegValueInit
                0xffffffff82013f8d                pmd_GetEarpieceGpadcChannel
                0xffffffff82013f9d                pmd_GpadcChannelEnabled
                0xffffffff82013fc5                pmd_SetAuxClockStatusHandler
                0xffffffff82013fd1                pmd_EarDetectDelay
                0xffffffff8201403d                pmd_EarDetectHandler
                0xffffffff820140cd                pmd_RegisterSpiRegCheckFunc
                0xffffffff82014111                pmd_RDAWrite
                0xffffffff8201412d                pmd_GpadcDisable
                0xffffffff82014165                pmd_GpadcEnableChannel
                0xffffffff820141b5                pmd_GpadcSetInterval
                0xffffffff820141f9                pmd_ResetTouch
                0xffffffff82014255                pmd_SpeakerPaRestoreMode
                0xffffffff820142b5                pmd_EnableScreenAntiFlicker
                0xffffffff8201431d                pmd_SetMmcVoltage
                0xffffffff82014365                pmd_TsdEnableTsc
                0xffffffff820143ad                pmd_SpeakerPaPostEnable
                0xffffffff820143d5                pmd_SpeakerPaPreEnable
                0xffffffff82014401                pmd_InitSpeakerPa
                0xffffffff8201443d                pmd_SetVa24Buck2Voltage
                0xffffffff8201446d                pmd_InitCoreVoltage
                0xffffffff8201447d                pmd_RegHpDetectSettingSet
                0xffffffff820144c5                pmd_RegIrqSettingClr
                0xffffffff82014501                pmd_IrqHandler
                0xffffffff82014531                pmd_SpiRegCheck
                0xffffffff820145b1                pmd_InitTouchScreen
                0xffffffff820146c5                pmd_SpeakerPaSelectChannel
                0xffffffff820147c1                pmd_EnableOpalLdo
                0xffffffff82014951                pmd_InitRdaPmu
                0xffffffff82014ad5                pmd_SetCoreVoltageDelayed
                0xffffffff82014af5                pmd_SetLevel
                0xffffffff82014e89                pmd_FourSimSetVoltageClass
                0xffffffff82015029                pmd_EnablePower
                0xffffffff820151cd                pmd_UsbDownloadByMicDetect
                0xffffffff820152a5                pmd_SelectSimCard
                0xffffffff8201533d                pmd_Open
                0xffffffff82015671                __pack_f
                0xffffffff82015735                __pack_d
                0xffffffff820158d9                __unpack_f
                0xffffffff82015955                __unpack_d
                0xffffffff82015b41                __subsf3
                0xffffffff82015b85                __addsf3
                0xffffffff82015bc1                __mulsf3
                0xffffffff82015cbd                __gtsf2
                0xffffffff82015d01                __gesf2
                0xffffffff82015d45                __ltsf2
                0xffffffff82015d89                __floatsisf
                0xffffffff82015de5                __extendsfdf2
                0xffffffff82015e10                __thenan_sf
                0xffffffff82016089                __subdf3
                0xffffffff820160d1                __adddf3
                0xffffffff82016111                __muldf3
                0xffffffff820162c9                __divdf3
                0xffffffff82016401                __eqdf2
                0xffffffff82016449                __nedf2
                0xffffffff82016491                __gtdf2
                0xffffffff820164d9                __gedf2
                0xffffffff82016521                __ltdf2
                0xffffffff82016569                __ledf2
                0xffffffff820165b1                __floatsidf
                0xffffffff82016629                __make_dp
                0xffffffff82016649                __truncdfsf2
                0xffffffff82016688                __thenan_df
                0xffffffff820166a1                __floatunsidf
                0xffffffff82016739                __fpcmp_parts_f
                0xffffffff8201679d                __make_fp
                0xffffffff820167b5                __fpcmp_parts_d
                0xffffffff8201682d                __unorddf2
                0xffffffff8201685d                __lshrdi3
                0xffffffff82016899                __ashldi3
                0xffffffff820168d9                __fixunsdfsi
                0xffffffff82016929                __divdi3
                0xffffffff82016cf1                __udivdi3
                0xffffffff8201706d                __fixdfsi
                0xffffffff820170d1                __clzsi2

.section_init   0xffffffff88240000       0x10
 hex/gps/gps.elf(.section_init)
 .section_init  0xffffffff88240000       0x10 hex/gps/gps.elf

.bbsram         0xffffffff81980000     0x1e00
 hex/gps/SW_V2131_csdk.elf(.bbsram)
 .bbsram        0xffffffff81980000     0x1e00 hex/gps/SW_V2131_csdk.elf
                0xffffffff81980000                g_spcItlvBufTabSaic
                0xffffffff81980000                _bb_sram_romed_cached_start
                0xffffffff81980a00                g_spcItlvBufTab
                0xffffffff81981920                _bb_sram_romed_itlv_buf_end
                0xffffffff81981920                g_spcCtxStruct

.sramdata       0xffffffff81c08600      0x4c0 load address 0xffffffff8801b0c0
 hex/gps/SW_V2131_csdk.elf(.sramdata)
 .sramdata      0xffffffff81c08600      0x4c0 hex/gps/SW_V2131_csdk.elf
                0xffffffff81c08600                _sys_sram_data_start
                0xffffffff81c088f8                g_SwTcuCfg
                0xffffffff81c088fc                g_paParams
                0xffffffff81c0890c                g_swParams
                0xffffffff81c0891c                g_TxRxSwTcuVal
                0xffffffff81c08934                SW
                0xffffffff81c08938                g_paCalibPtr
                0xffffffff81c0893c                XCV
                0xffffffff81c08940                g_xcvChipId
                0xffffffff81c08944                g_AfcOffset
                0xffffffff81c08948                g_dcoffsetflag
                0xffffffff81c0894c                g_afcDacVal
                0xffffffff81c0894e                rxTxTimeOffset
                0xffffffff81c08950                g_CdacDelta
                0xffffffff81c08954                g_lastSleepMode
                0xffffffff81c08958                g_xcvCalibPtr
                0xffffffff81c0895c                g_xcvCmdCtx
                0xffffffff81c08968                g_xcvCalibSetPaRamp
                0xffffffff81c08969                g_xcvCalibPaOffset
                0xffffffff81c0896c                g_tempgpadcvalue
                0xffffffff81c08978                g_RxPllFreqReg_05h
                0xffffffff81c0897c                g_bandwideVal
                0xffffffff81c08980                g_xcvParams
                0xffffffff81c089ac                g_CDAC
                0xffffffff81c089b0                g_xcvCalibPaRampValue
                0xffffffff81c089b8                magnitude
                0xffffffff81c089e0                pal_fch_sync_max_attempt
                0xffffffff81c089e4                g_palCtx
                0xffffffff81c08aa0                g_palDebug

.srambss        0xffffffff81c09670       0x70
 hex/gps/SW_V2131_csdk.elf(.srambss)
 .srambss       0xffffffff81c09670       0x70 hex/gps/SW_V2131_csdk.elf
                0xffffffff81c09670                g_halTraceDualCtx

.bss            0xffffffff8207af60    0x35ce0
 hex/gps/SW_V2131_csdk.elf(.bss)
 .bss           0xffffffff8207af60    0x35ce0 hex/gps/SW_V2131_csdk.elf
                0xffffffff8207af60                g_halLpsSleptBefore
                0xffffffff8207af61                g_halSysLpsLock
                0xffffffff8207af64                g_halCalibration
                0xffffffff8207afd4                g_halSpeechMutedCount
                0xffffffff8207afe8                g_halSpeechFifo
                0xffffffff8207b198                g_halModuleIfcChannelDebug
                0xffffffff8207b298                g_halModuleIfcChannelDebugPos
                0xffffffff8207b2a4                g_halTraceRxCtx
                0xffffffff8207b30c                g_palCalibration
                0xffffffff8207b310                g_palHandlers
                0xffffffff8207b31c                g_Calib_OnSite
                0xffffffff8207b31e                g_pmdMuteSpk
                0xffffffff8207b3c4                g_pmdConfig
                0xffffffff8207b3d2                g_usbCharging
                0xffffffff8207b450                sxs_usrInitTaskId
                0xffffffff8207b454                sxs_CmnTaskId
                0xffffffff8207b47c                pSimCtx
                0xffffffff8207b480                sim_Data
                0xffffffff8207b788                g_Semaphore
                0xffffffff8207b78c                Usim_ADNAddress
                0xffffffff8207b94c                Usim_ADNPath
                0xffffffff8207bbf0                WaitSwTimer
                0xffffffff8207bbf4                g_sim_present
                0xffffffff8207bbf8                Dummy_AD_BinaryData
                0xffffffff8207bc00                sm_Data
                0xffffffff8207bc98                psm_Data
                0xffffffff8207bc9c                sm_TabMobileOrgTI
                0xffffffff8207bcdc                sm_TabNetworkOrgTI
                0xffffffff8207bd1c                SMS_debug_buffer_index
                0xffffffff8207bde0                gp_smsCurData
                0xffffffff8207bde4                SMS_debug_buffer
                0xffffffff8207be34                snd_Data
                0xffffffff8207bf0c                pSndCtx
                0xffffffff8207bf38                gp_ssCurData
                0xffffffff8207bf40                sxr_QueueDesc
                0xffffffff8207d5c0                sxr_QueueEnv
                0xffffffff8207e560                sxr_QueueFreeDesc
                0xffffffff8207e562                sxr_QueueFreeEnv
                0xffffffff8207e564                sxr_SemaInfo
                0xffffffff8207e6bc                g_sxsFsIdleHookFuncPtr
                0xffffffff8207e6c0                g_sxsDebugIdleHookElem
                0xffffffff8207e6e8                g_sxRaiseTime
                0xffffffff8207e6f0                sxs_IoCtx
                0xffffffff8207e734                sxr_Job
                0xffffffff8207e738                sxr_Heap
                0xffffffff8207e850                sxr_Cluster
                0xffffffff8207e930                sxr_NbCluster
                0xffffffff8207e934                sxr_MemoryAlert
                0xffffffff8207e93c                sxr_MemTracker
                0xffffffff8207ef44                sxr_Mutex
                0xffffffff8207ef78                sxr_Sbx
                0xffffffff820824f0                sxs_Spy
                0xffffffff820825f8                sxr_TCtx
                0xffffffff82082620                sxr_TEnv
                0xffffffff820835c4                sxr_Task
                0xffffffff82083b70                g_uat_stran_callbck
                0xffffffff82083bb4                gpf_uflash_write_block
                0xffffffff82083bb8                gpf_uflash_read_block
                0xffffffff82083bd0                g_umss_flash_handler
                0xffffffff82083c98                g_vppMicNoiseSuppressRAMX
                0xffffffff82085bd8                g_vppReceiverNoiseSuppressRAMX
                0xffffffff82087b18                g_vppAecRAMX
                0xffffffff82089648                g_vppMicAgcRAMX
                0xffffffff82089a30                g_vppReceiverAgcRAMX
                0xffffffff82089e18                g_vppSpeechCode
                0xffffffff8208c398                g_vppSpeechRAMX
                0xffffffff8208f278                g_api_rr_task_started
                0xffffffff8208f280                apiData
                0xffffffff8208f2d8                pAPIData
                0xffffffff8208f2dc                watchdogDoNotFeedInIdle
                0xffffffff8208f2e0                g_audCodecGalliteAifCfg
                0xffffffff8208f2f4                g_audSetHeadMaxDigitalGain
                0xffffffff8208f2f5                g_audSetMicMaxGain
                0xffffffff8208f318                g_BalFlashInitProgramDone
                0xffffffff8208f31c                g_BalTasks
                0xffffffff8208f32c                g_PreKeyCode
                0xffffffff8208f3d8                g_calibUsedOpInfo
                0xffffffff8208f3e0                g_calibUsedXcv
                0xffffffff8208f488                g_calibUsedPa
                0xffffffff820906b4                g_calibUsedBb
                0xffffffff82091040                g_calibUsedIIR
                0xffffffff82091130                g_calibUsed_audio_voc
                0xffffffff82092790                g_calibUsed_audio_music
                0xffffffff82092fa8                gp_cb_Data
                0xffffffff8209300c                gp_ccCurData
                0xffffffff82093184                g_CfwNVInfo
                0xffffffff82093188                g_CfwNv
                0xffffffff82093b28                nQueueid
                0xffffffff82093b2c                g_CosBaseAdd
                0xffffffff82093b30                g_CswBaseAdd
                0xffffffff82093b34                g_CosHeapSize
                0xffffffff82093b38                g_CswHeapSize
                0xffffffff82093b3c                g_CswMallocNum
                0xffffffff82093b40                g_CosMallocNum
                0xffffffff82093b4c                g_hCosMmiTask
                0xffffffff82093b50                g_hCosATTask
                0xffffffff82093b54                Playstate
                0xffffffff82093b58                PlayLenTemp
                0xffffffff82093b5c                BzPlayState
                0xffffffff82093b60                g_VIBRATING_state
                0xffffffff82093b64                g_FLASH_state
                0xffffffff82093b68                gmycallback
                0xffffffff82093b6c                PlayLen
                0xffffffff82093b70                BzDuration
                0xffffffff82093b74                BzBuffer
                0xffffffff82093b78                g_KeyBoard_Init_Status
                0xffffffff82093b79                Play_music
                0xffffffff82093b7a                audioBusy
                0xffffffff82093b7c                g_playToneAudioTempTime
                0xffffffff82093b80                isSPKMute
                0xffffffff82093b84                term_num
                0xffffffff82093b88                audioItf
                0xffffffff82093b8c                audioItfBackup
                0xffffffff82093b90                g_audioRecBufStart
                0xffffffff82093b94                g_audioRecBufLen
                0xffffffff82093b98                g_audioRecBufOffset
                0xffffffff82093b9c                gSpeakerOpen_stasus
                0xffffffff82093b9d                gMicOpen_stasus
                0xffffffff82093b9e                Speeching
                0xffffffff82093ba0                DTMF_duration
                0xffffffff82093ba2                short_time_keytone
                0xffffffff82093bbc                g_spk_gain
                0xffffffff82093bc0                cii_currentDTMF
                0xffffffff82093bcc                g_powerdown_cause
                0xffffffff82093bd0                g_gpioDirection
                0xffffffff82093cd0                g_padac_state
                0xffffffff82093df8                g_xcvRfIniting
                0xffffffff82093df9                gbw
                0xffffffff82093dfa                xtal_state
                0xffffffff82093dfc                g_rfdXcvRegForceWriteError
                0xffffffff82093e00                g_rfdXcvRegForceReadError
                0xffffffff82093e14                g_pDevDescrip
                0xffffffff82093e18                g_iDevDescripCount
                0xffffffff82093e1c                g_pDsmDevInfo
                0xffffffff82093e20                g_iDsmDevCount
                0xffffffff82093e24                g_hDevSem
                0xffffffff82093e28                dtmf_frame_count
                0xffffffff82094d44                DecoderBuffer
                0xffffffff82095704                g_fs_current
                0xffffffff82095998                g_fs_super_block_table
                0xffffffff8209599c                g_fs_file_list
                0xffffffff820959a0                g_pFsDevInfo
                0xffffffff820959a4                g_tstFsLocalErrCode
                0xffffffff820959b1                g_GpdacBusy
                0xffffffff820959e0                g_clk_sw
                0xffffffff820959ec                g_halCfg
                0xffffffff820959f0                g_halDbgPalTrc
                0xffffffff820960f8                g_halDmaUserId
                0xffffffff820960fc                g_halDmaMode
                0xffffffff82096100                g_halDmaRegistry
                0xffffffff820963cc                l1_Sapi0FacchQueue
                0xffffffff820963cd                l1_Sapi3Queue
                0xffffffff820963d0                l1_Sapi0SacchPtr
                0xffffffff820963d4                l1_PCtrlQueue
                0xffffffff820963d5                l1_PDataQueue
                0xffffffff820963d8                l1_PacketMeasurementReportPtr
                0xffffffff820963dc                l1_Ctx
                0xffffffff82096e50                SlicedCell
                0xffffffff82096e54                g_StoredAfcOffset
                0xffffffff82096e56                SpeedupNearList
                0xffffffff82096e58                DlPollingRsp
                0xffffffff82096e5c                g_NBurstRxWin
                0xffffffff82096e6c                lap_Data
                0xffffffff82096f9c                pLapCtx
                0xffffffff82096fa0                lap_SapiIdx
                0xffffffff82097394                llc_Data
                0xffffffff82097434                pLLCCtx
                0xffffffff820974a0                g_flash_cache
                0xffffffff820994bc                g_Flag
                0xffffffff820994c0                g_Character
                0xffffffff820994e8                mmCtx
                0xffffffff820996d8                pMMCtx
                0xffffffff820996dc                mmDulCtx
                0xffffffff820996e1                g_fcch_detect_mode
                0xffffffff820996e4                g_palDC
                0xffffffff8209976c                g_palFrame
                0xffffffff82099874                FcchWin
                0xffffffff820998bc                g_SimIndex
                0xffffffff820998c0                g_palEtuParaF
                0xffffffff820998c8                g_palEtuParaD
                0xffffffff820998cc                g_palSimClkStopMode
                0xffffffff82099978                rld_Data
                0xffffffff820999e0                pRLDCtx
                0xffffffff820999e4                rlu_Data
                0xffffffff82099b04                pRLUCtx
                0xffffffff82099b08                rr_Data
                0xffffffff8209c1b0                pRRCtx
                0xffffffff8209c1b4                psap_StackCfg
                0xffffffff8209c1b8                ZhiBoXing
                0xffffffff8209c1b9                UsfGran
                0xffffffff8209c1bc                sap_StackCfg
                0xffffffff8209c26c                sap_StackDynCfg
                0xffffffff8209c270                g_sms_dm_nv
                0xffffffff820a0b1c                g_SMS_DM_InitFlag
                0xffffffff820a0b20                g_SMS_DM_Sem
                0xffffffff820a0b28                sxr_UsrCluster
                0xffffffff820a0ca8                sxr_NbUsrCluster
                0xffffffff820a0cac                g_timer_list
                0xffffffff820a0cb0                errno
                0xffffffff820a0cbc                gCSWPowerOnTime
                0xffffffff820a0cc0                G_TM_Parameters
                0xffffffff820a0ccc                TIM_Glo_Infor_Buf
                0xffffffff820a0f88                TIM_LastErrorCode
                0xffffffff820a1090                g_UctlsStatus
                0xffffffff820a10a0                g_cachenode
                0xffffffff820a12c0                g_tst_erase_suspend_count
                0xffffffff820a12c4                g_pGcBuff
                0xffffffff820a22c4                g_VDS_partition_table
                0xffffffff820a2594                g_vds_partition_count
                0xffffffff820a2598                g_psSectRef
                0xffffffff820a259c                g_psRemainRef
                0xffffffff820a25a0                g_sFlashInfo
                0xffffffff820a25b0                g_tstVdsErrCode
                0xffffffff820a25b4                g_iFlushAllowed
                0xffffffff820a25b8                g_iVdsCacheHasInited
                0xffffffff820a2638                g_msdfReload
                0xffffffff820a263c                g_MIXVOICE_TYPE
                0xffffffff820a2640                g_MIXVOICE_Handler
                0xffffffff820a2644                g_AGCEnbleFlag
                0xffffffff820a2648                g_SpkLevel
                0xffffffff820a264c                g_AudInterface
                0xffffffff820a2650                g_VoCRunFlag
                0xffffffff820a2710                g_RxBuf
                0xffffffff820a2990                g_TxBuf
                0xffffffff820a2c10                g_curSeqPos
                0xffffffff820a2c14                sinvalue_1
                0xffffffff820a2c1c                sinvalue_2
                0xffffffff820a2c24                g_DtmfGenState
                0xffffffff820a2c28                g_DtmfgenHandler
                0xffffffff820a2c2c                sinparam_1
                0xffffffff820a2c34                sinparam_2
                0xffffffff820a2ca4                api_MsNwkCap
                0xffffffff820a2cb8                api_MsRACap
                0xffffffff820a2d20                api_LenMsRACap
                0xffffffff820a2d24                g_htstVdsTask
                0xffffffff820a2d28                handleApiTask
                0xffffffff820a2d2c                handleMainTask
                0xffffffff820a2d30                isCfwInitComplete
                0xffffffff820a2d34                apiPlatformInitStatus
                0xffffffff820a2d38                aaaaaaaaaaaaaaaaaaaaaaaaaaaaaa
                0xffffffff820a2d3c                isCfwInitCompleteBefore
                0xffffffff820a2d4c                semDeleteMessage
                0xffffffff820a2d50                isDeleteSuccess
                0xffffffff820a2e54                socketIsUdpOrTcp
                0xffffffff820a2e68                socketDestPort
                0xffffffff820a2eb8                socketDestIp
                0xffffffff820a3090                g_arsPcmBuf
                0xffffffff820a3338                g_trace_Data
                0xffffffff820a333c                g_tracefileHandle
                0xffffffff820a3344                g_calibStubLocalCtx
                0xffffffff820a38d4                CSN1Action_cc_852952723_Actions
                0xffffffff820a38d8                g_aom_sem
                0xffffffff820a38dc                CFW_Sys_Default_Proc
                0xffffffff820a3924                AO_GoOnStatus
                0xffffffff820a392c                AO_ControlBlock
                0xffffffff820a3fa8                SIMOCStatus
                0xffffffff820a3fb0                g_CFWStartStopStackFlag
                0xffffffff820a3fc0                IndEventInfo
                0xffffffff820a3fc8                gprs_sum
                0xffffffff820a3fd8                g_SmsFormat_Sim0
                0xffffffff820a3fd9                g_SmsFormat_Sim1
                0xffffffff820a3fda                g_SmsFormat_Sim2
                0xffffffff820a3fdb                g_SmsFormat_Sim3
                0xffffffff820a3fdc                g_SmsShowTextMode_Sim0
                0xffffffff820a3fdd                g_SmsShowTextMode_Sim1
                0xffffffff820a3fde                g_SmsShowTextMode_Sim2
                0xffffffff820a3fdf                g_SmsShowTextMode_Sim3
                0xffffffff820a4020                PdpContList
                0xffffffff820a4058                DnsServerIP
                0xffffffff820a40c8                store_packet_head
                0xffffffff820a40cc                store_packet_end
                0xffffffff820a40d0                store_packet_cnt
                0xffffffff820a40d4                start_gprsDetach_timer
                0xffffffff820a4118                gprs_flow_ctrl
                0xffffffff820a4128                pQosList
                0xffffffff820a4198                CurAppCng
                0xffffffff820a41a8                GprsCidSavedInApp
                0xffffffff820a41ac                IPAddress
                0xffffffff820a41b0                gCOMMMode
                0xffffffff820a41b8                gbLockBCCH
                0xffffffff820a41c4                gCSDelayInfo
                0xffffffff820a41ec                g_NW_IND
                0xffffffff820a41f0                g_IMSI_INIT
                0xffffffff820a41f4                g_CFW_PowerOn
                0xffffffff820a41f8                g_SAT_IND
                0xffffffff820a41fc                g_SAT_INIT_COMPLETE
                0xffffffff820a4200                g_TestMode_AutoResponse
                0xffffffff820a4208                g_TestMode_AutoEMCDial
                0xffffffff820a4210                g_TestMode_AutoEMCDialNum
                0xffffffff820a4218                g_SMSPInfo
                0xffffffff820a424c                g_SimInit1Status
                0xffffffff820a4254                g_SimInit2Status
                0xffffffff820a425c                g_SimInit3Status
                0xffffffff820a4264                g_SimInit3Status_p2
                0xffffffff820a426c                bSatSimInit
                0xffffffff820a428c                gSimStage3Finish
                0xffffffff820a4290                g_cfw_sim_status
                0xffffffff820a4294                g_cfw_sim_adn_status
                0xffffffff820a4298                gSPNInfo
                0xffffffff820a42c0                nICCID
                0xffffffff820a42d4                gTestSim
                0xffffffff820a42dc                ADNInfo
                0xffffffff820a42ec                gUsimAid
                0xffffffff820a4310                gUsimLabel
                0xffffffff820a4358                gUsimEfStatus
                0xffffffff820a4368                gUsimPin
                0xffffffff820a44a8                DIR_RECORD_NUM
                0xffffffff820a44ac                DIR_CURRENT_NUM
                0xffffffff820a44b0                Sim_Lp
                0xffffffff820a44b8                gSimDropInd
                0xffffffff820a44bc                nECC_Code
                0xffffffff820a44cc                nUsimECC_Code
                0xffffffff820a44e0                g_GETIMSI
                0xffffffff820a44e4                nCommondNum
                0xffffffff820a456c                gSatFreshComm
                0xffffffff820a4570                gSATTimerValue
                0xffffffff820a45b8                cbCtx
                0xffffffff820a468c                gCbReadFile
                0xffffffff820a46a0                gpLongerMsgPara
                0xffffffff820a46a4                gpLongerMsgParaIndex
                0xffffffff820a46a8                gPendingNewSms
                0xffffffff820a46ac                gNewSMSInd
                0xffffffff820a46b4                g_SMSConcat
                0xffffffff820a476c                g_consumers
                0xffffffff820a486c                DataCSN1Context
                0xffffffff820a699c                g_sd_sleepIn
                0xffffffff820a73c8                g_FatCache
                0xffffffff820a73cc                g_FatCahcheNum
                0xffffffff820a73d0                g_TstFsErrCode
                0xffffffff820a73d4                gAifClk
                0xffffffff820a73f4                ip_data
                0xffffffff820a7494                l1_SavedPsDataReqMsg
                0xffffffff820a74e0                audio_mode
                0xffffffff820a74e8                CSN1Action_mm_852952723_Actions
                0xffffffff820a74ec                gnMmcMode
                0xffffffff820a74f0                gAudio
                0xffffffff820a750c                gRecord
                0xffffffff820a7524                ev
                0xffffffff820a7534                ev_play
                0xffffffff820a7544                g_AMRConsumedLength
                0xffffffff820a7548                g_AMRFILESIZE
                0xffffffff820a7560                amr_pcmbuf_overlay
                0xffffffff820a8960                AmrPlayer
                0xffffffff820a89a8                g_ConsumedLength
                0xffffffff820a89ac                g_AudioMode
                0xffffffff820a89b0                g_AudioSeekFlag
                0xffffffff820a89b4                g_MPEGFILESIZE
                0xffffffff820a89b8                G_VppSBCConstY
                0xffffffff820a89d8                MpegPlayer
                0xffffffff820a8a70                g_WAVConsumedLength
                0xffffffff820a8a74                data_size
                0xffffffff820a8a78                G_WavSBCConstY
                0xffffffff820a8acc                WavPlayer
                0xffffffff820a8b78                a2dp_sbc_strm
                0xffffffff820a8b84                g_calibEquRdyFlag
                0xffffffff820a8b85                FINT_counter
                0xffffffff820a8c58                neighbor_cache
                0xffffffff820a8e10                destination_cache
                0xffffffff820a8ff0                prefix_list
                0xffffffff820a907c                default_router_list
                0xffffffff820a91dc                h_errno
                0xffffffff820a91e4                netif_list
                0xffffffff820a91e8                netif_default
                0xffffffff820a91ec                isPppActived
                0xffffffff820a91f0                g_ppp_ctx
                0xffffffff820a9210                pbuf_free_ooseq_pending
                0xffffffff820a9220                IsPUlAss
                0xffffffff820a9224                ED_RR_P
                0xffffffff820a9244                ED_RR_Q
                0xffffffff820a9264                CSN1Action_rrd_852952723_Actions
                0xffffffff820a92f0                g_MallocedCount
                0xffffffff820a92f4                g_Malloced_p
                0xffffffff820a9ac8                tcp_ticks
                0xffffffff820a9acc                tcp_active_pcbs_changed
                0xffffffff820a9ad0                tcp_bound_pcbs
                0xffffffff820a9ad4                tcp_listen_pcbs
                0xffffffff820a9ad8                tcp_active_pcbs
                0xffffffff820a9adc                tcp_tw_pcbs
                0xffffffff820a9b18                tcp_input_pcb
                0xffffffff820a9b1c                udp_pcbs
                0xffffffff820a9b20                G_Mp3DRCHistoryBuf
                0xffffffff820aae40                vpp_AudioJpegDecVocOpen_status
                0xffffffff820aae48                sndRecBuffer
                0xffffffff820aae4c                sndRecRingBuffer
                0xffffffff820aae50                sndRecBufferLength
                0xffffffff820aae54                rec_audioItf
                0xffffffff820ab12c                pNetworkCallback
                0xffffffff820ab130                pdpContextId
                0xffffffff820ab1fc                g_location
                0xffffffff820ab26c                isAutoUpdateRtcTime
                0xffffffff820ab3e0                g_hAsynFsTask
                0xffffffff820ab428                irqParamArray
                0xffffffff820ab4b4                spi1IrqHandler
                0xffffffff820ab4b8                spi2IrqHandler
                0xffffffff820ab50c                uart1_rxbuf
                0xffffffff820ab90c                uart2_rxbuf
                0xffffffff820abd0c                connectionCallbackParam
                0xffffffff820abdb8                gps_uartWriteBuf
                0xffffffff820acdcc                gps_uartReadBuf
                0xffffffff820adde0                gps_uartHwBuf
                0xffffffff820ae3e0                DL_process_handler
                0xffffffff820ae3f8                signgam
                0xffffffff820b09b0                certProfile
                0xffffffff820b09f4                ca_pem
                0xffffffff820b09f8                cert_pem
                0xffffffff820b09fc                key_pem
                0xffffffff820b0c38                _log

.rom_entries_cached
                0xffffffff81c00194       0x54
 hex/gps/SW_V2131_csdk.elf(.rom_entries_cached)
 .rom_entries_cached
                0xffffffff81c00194       0x54 hex/gps/SW_V2131_csdk.elf
                0xffffffff81c00194                xcpu_error_code
                0xffffffff81c00198                xcpu_error_status
                0xffffffff81c0019c                xcpu_sp_context
                0xffffffff81c001a0                sxr_IrqStack_pointer
                0xffffffff81c001a4                g_bootResetCause
                0xffffffff81c001a8                g_bootBootMode
                0xffffffff81c001ac                g_bootUartMonitorBrDetected
                0xffffffff81c001b0                g_bootUartMonitorBaudRate

.cust_data      0xffffffff82300000       0x10 load address 0xffffffff88242820
 hex/gps/gps.elf(.cust_data)
[...]
                0xffffffff881eb88c                CSN1Action_cc_2250900012
                0xffffffff881eb89c                CSN1Action_cc_410193901
                0xffffffff881eb8a4                CSN1Action_cc_3455978900
                0xffffffff881eb8b4                CSN1Action_cc_2385887278
                0xffffffff881eb8bc                CSN1Action_cc_658164215
                0xffffffff881eb8cc                CSN1Action_cc_4224949542
                0xffffffff881eb8d4                CSN1Action_cc_3796135119
                0xffffffff881eb8e4                CSN1Action_cc_4221717494
                0xffffffff881eb8f4                CSN1Action_cc_979837026
                0xffffffff881eb904                CSN1Action_cc_3605156616
                0xffffffff881eb90c                CSN1Action_cc_1825751974
                0xffffffff881eb910                CSN1Action_cc_4182485271
                0xffffffff881eb918                CSN1Action_cc_1666300355
                0xffffffff881eb928                CSN1Action_cc_1040633023
                0xffffffff881eb930                CSN1Action_cc_2762766377
                0xffffffff881eb940                CSN1Action_cc_963504207
                0xffffffff881eb950                CSN1Action_cc_3017240667
                0xffffffff881eb960                CSN1Action_cc_1229674022
                0xffffffff881eb970                CSN1Action_cc_529167968
                0xffffffff881eb980                CSN1Action_cc_2914849624
                0xffffffff881eb990                CSN1Action_cc_210500043
                0xffffffff881eb998                CSN1Action_cc_964346841
                0xffffffff881eb99c                CSN1Action_cc_2213595614
                0xffffffff881eb9a4                CSN1Action_cc_2813987237
                0xffffffff881eb9b4                CSN1Action_cc_1683811483
                0xffffffff881eb9bc                CSN1Action_cc_1354706373
                0xffffffff881eb9c0                CSN1Action_cc_607771889
                0xffffffff881eb9c8                CSN1Action_cc_841036727
                0xffffffff881eb9d8                CSN1Action_cc_737192080
                0xffffffff881eb9e8                CSN1Action_cc_262739892
                0xffffffff881eb9ec                CSN1Action_cc_2853052809
                0xffffffff881eb9fc                CSN1Action_cc_91856451
                0xffffffff881eba0c                CSN1Action_cc_2731816533
                0xffffffff881eba10                CSN1Action_cc_4010734005
                0xffffffff881eba18                CSN1Action_cc_2533015138
                0xffffffff881eba1c                CSN1Action_cc_726173617
                0xffffffff881eba20                CSN1Action_cc_982304886
                0xffffffff881eba24                CSN1Action_cc_2281177646
                0xffffffff881eba28                CSN1Action_cc_3774523959
                0xffffffff881eba2c                CSN1Action_cc_1817136603
                0xffffffff881eba30                CSN1Action_cc_3833634472
                0xffffffff881eba34                CSN1Action_cc_732217282
                0xffffffff881eba38                CSN1Action_cc_4165700834
                0xffffffff881eba3c                CSN1Action_cc_254209780
                0xffffffff881eba40                CSN1Action_cc_3570087538
                0xffffffff881eba48                CSN1Action_cc_3766743187
                0xffffffff881eba50                CSN1Action_cc_1616868386
                0xffffffff881eba60                CSN1Action_cc_1595149866
                0xffffffff881eba64                CSN1Action_cc_2826991294
                0xffffffff881eba6c                CSN1Action_cc_1746019740
                0xffffffff881eba70                CSN1Action_cc_2073452316
                0xffffffff881eba74                CSN1Action_cc_2473106058
                0xffffffff881eba78                CSN1Action_cc_907963356
                0xffffffff881eba80                CSN1Action_cc_1440400685
                0xffffffff881eba84                CSN1Action_cc_370191430
                0xffffffff881eba88                CSN1Action_cc_2247516746
                0xffffffff881eba8c                CSN1Action_cc_809346664
                0xffffffff881eba94                CSN1Action_cc_4049487921
                0xffffffff881eba98                CSN1Action_cc_3441249010
                0xffffffff881eba9c                CSN1Action_cc_4172668897
                0xffffffff881ebaa4                CSN1Action_cc_1136845788
                0xffffffff881ebaa8                CSN1Action_cc_1713566261
                0xffffffff881ebab0                CSN1Action_cc_2597421497
                0xffffffff881ebab4                CSN1Action_cc_3170572631
                0xffffffff881ebabc                CSN1Action_cc_2295125808
                0xffffffff881ebac0                CSN1Action_cc_1897261891
                0xffffffff881ebac8                CSN1Action_cc_379913519
                0xffffffff881ebacc                CSN1Action_cc_988398749
                0xffffffff881ebad4                CSN1Action_cc_3651848284
                0xffffffff881ebad8                CSN1Action_cc_137022685
                0xffffffff881ebae0                CSN1Action_cc_3157119530
                0xffffffff881ebae4                CSN1Action_cc_2947784073
                0xffffffff881ebaec                CSN1Action_cc_3926522531
                0xffffffff881ebaf0                CSN1Action_cc_2079062065
                0xffffffff881ebaf8                CSN1Action_cc_323156570
                0xffffffff881ebafc                CSN1Action_cc_1681691394
                0xffffffff881ebb04                CSN1Action_cc_1659318371
                0xffffffff881ebb08                CSN1Action_cc_3919518660
                0xffffffff881ebb0c                CSN1Action_cc_2305931879
                0xffffffff881ebb10                CSN1Action_cc_2635619618
                0xffffffff881ebb18                CSN1Action_cc_2987918999
                0xffffffff881ebb1c                CSN1Action_cc_2216290462
                0xffffffff881ebb20                CSN1Action_cc_1456211332
                0xffffffff881ebb28                CSN1Action_cc_1148664851
                0xffffffff881ebb2c                CSN1Action_cc_3915597396
                0xffffffff881ebb30                CSN1Action_cc_639863330
                0xffffffff881ebb34                CSN1Action_cc_3020441812
                0xffffffff881ebb38                CSN1Action_cc_3752490235
                0xffffffff881ebb40                CSN1Action_cc_3644256291
                0xffffffff881ebb44                CSN1Action_cc_1352558557
                0xffffffff881ebb4c                CSN1Action_cc_3675174633
                0xffffffff881ebb54                CSN1Action_cc_2705093056
                0xffffffff881ebb5c                CSN1Action_cc_2079674404
                0xffffffff881ebb60                CSN1Action_cc_2692186587
                0xffffffff881ebb64                CSN1Action_cc_4059339386
                0xffffffff881ebb68                CSN1Action_cc_2694560168
                0xffffffff881ebb6c                CSN1Action_cc_215255762
                0xffffffff881ebb74                CSN1Action_cc_676031829
                0xffffffff881ebb78                CSN1Action_cc_637602828
                0xffffffff881ebb7c                CSN1Action_cc_310141753
                0xffffffff881ebb84                CSN1Action_cc_1128824597
                0xffffffff881ebb88                CSN1Action_cc_42163514
                0xffffffff881ebb8c                CSN1Action_cc_866215047
                0xffffffff881ebb94                CSN1Action_cc_3942000816
                0xffffffff881ebb9c                CSN1Action_cc_45900188
                0xffffffff881ebbac                CSN1Action_cc_4010655922
                0xffffffff881ebbb0                CSN1Action_cc_2547294548
                0xffffffff881ebbb8                CSN1Action_cc_2030010
                0xffffffff881ebbbc                CSN1Action_cc_2190160872
                0xffffffff881ebbc0                CSN1Action_cc_257741642
                0xffffffff881ebbc4                CSN1Action_cc_599709352
                0xffffffff881ebbcc                CSN1Action_cc_2677374129
                0xffffffff881ebbd0                CSN1Action_cc_2800048813
                0xffffffff881ebbd4                CSN1Action_cc_3446269274
                0xffffffff881ebbdc                CSN1Action_cc_3666336121
                0xffffffff881ebbe0                CSN1Action_cc_2291995947
                0xffffffff881ebbe4                CSN1Action_cc_2785632990
                0xffffffff881ebbe8                CSN1Action_cc_3685612832
                0xffffffff881ebbec                CSN1Action_cc_3414644666
                0xffffffff881ebbf4                CSN1Action_cc_3395391009
                0xffffffff881ebbf8                CSN1Action_cc_3686771038
                0xffffffff881ebc00                CSN1Action_cc_2506752940
                0xffffffff881ebc04                CSN1Action_cc_1267203926
                0xffffffff881ebc08                CSN1Action_cc_1301849335
                0xffffffff881ebc10                CSN1Action_cc_923475874
                0xffffffff881ebc14                CSN1Action_cc_1502008668
                0xffffffff881ebc18                CSN1Action_cc_1347901770
                0xffffffff881ebc1c                CSN1Action_cc_1877579283
                0xffffffff881ebc20                CSN1Action_cc_3462442878
                0xffffffff881ebc24                CSN1Action_cc_1862643296
                0xffffffff881ebc28                CSN1Action_cc_535937020
                0xffffffff881ebc2c                CSN1Action_cc_2097448042
                0xffffffff881ebc30                CSN1Action_cc_564128041
                0xffffffff881ebc34                CSN1Action_cc_276985648
                0xffffffff881ebc38                CSN1Action_cc_1935931641
                0xffffffff881ebc3c                CSN1Action_cc_1265354533
                0xffffffff881ed638                OperatorInfo
                0xffffffff881effcc                SpecialOperatorInfo
                0xffffffff881f10f0                IPCP_OPTION
                0xffffffff881f1104                pcoCtn
                0xffffffff881f2b10                TerminalResponse
                0xffffffff881f2b1c                ResponseText
                0xffffffff881f2b20                ResponseItem
                0xffffffff881f2b24                MenuSelection
                0xffffffff881f2b30                EventDownload
                0xffffffff881f2b3c                TimerExpirationDownload
                0xffffffff881f2b4c                ResponseLocalInfo
                0xffffffff881f2b58                ResponseMeasure
                0xffffffff881f2b6c                ResponseDateTime
                0xffffffff881f2b78                ResponseLanguage
                0xffffffff881f2b7c                ResponseTimingAdvance
                0xffffffff881f2b80                ResponseCardStatus
                0xffffffff881f36fc                CSW_RID_3G
                0xffffffff881f4f50                KnownL3IEs
                0xffffffff881f5dc0                ethbroadcast
                0xffffffff881f5dc8                ethzero
                0xffffffff881f646c                g_halOverlayDesc
                0xffffffff881f658c                ip_addr_any_type
                0xffffffff881f6b58                ip_addr_any
                0xffffffff881f6b70                ip_addr_broadcast
                0xffffffff881f73a8                ip6_addr_any
                0xffffffff881f74b8                lap_ControlField
                0xffffffff881f74c0                lap_SupervisoryFrame
                0xffffffff881f74c8                lap_TabN200
                0xffffffff881f74cc                llc_DummyFcs
                0xffffffff881f7540                SupervisoryFrmName
                0xffffffff881f7550                llc_UFrmName
                0xffffffff881f75e0                mac_PdchDist
                0xffffffff881f7800                memp_RAW_PCB
                0xffffffff881f7808                memp_UDP_PCB
                0xffffffff881f7810                memp_TCP_PCB
                0xffffffff881f7818                memp_TCP_PCB_LISTEN
                0xffffffff881f7820                memp_TCP_SEG
                0xffffffff881f7828                memp_ALTCP_PCB
                0xffffffff881f7830                memp_REASSDATA
                0xffffffff881f7838                memp_FRAG_PBUF
                0xffffffff881f7840                memp_NETBUF
                0xffffffff881f7848                memp_NETCONN
                0xffffffff881f7850                memp_TCPIP_MSG_API
                0xffffffff881f7858                memp_API_MSG
                0xffffffff881f7860                memp_DNS_API_MSG
                0xffffffff881f7868                memp_SOCKET_SETGETSOCKOPT_DATA
                0xffffffff881f7870                memp_TCPIP_MSG_INPKT
                0xffffffff881f7878                memp_NETDB
                0xffffffff881f7880                memp_ND6_QUEUE
                0xffffffff881f7888                memp_IP6_REASSDATA
                0xffffffff881f7890                memp_MLD6_GROUP
                0xffffffff881f7898                memp_PBUF
                0xffffffff881f78a0                memp_PBUF_POOL
                0xffffffff881f78a8                memp_pools
                0xffffffff881f7c04                codec_wav_tags
                0xffffffff881f7ff8                PCMSamplesRate
                0xffffffff881f80a4                M51BCCH
                0xffffffff881fa034                memp_PPP_PCB
                0xffffffff881fa048                memp_PPPAPI_MSG
                0xffffffff881fa2f8                memp_PPPOS_PCB
                0xffffffff881fa4b4                rr_TxInteger
                0xffffffff881fa4c4                rr_SComb
                0xffffffff881fa4d4                rr_SNComb
                0xffffffff881fa4e4                rr_MaxRetrans
                0xffffffff881fa4e8                rr_RrToApiFrqBand
                0xffffffff881ff1cd                netconn_aborted
                0xffffffff881ff1ce                netconn_reset
                0xffffffff881ff1cf                netconn_closed
                0xffffffff881ffecc                tcp_pcb_lists
                0xffffffff8820385c                IF1_475_table
                0xffffffff8820391c                IF1_515_table
                0xffffffff882039ec                IF1_59_table
                0xffffffff88203ad8                IF1_67_table
                0xffffffff88203be4                IF1_74_table
                0xffffffff88203d0c                IF1_795_table
                0xffffffff88203e4c                IF1_102_table
                0xffffffff88203fe4                IF1_122_table
                0xffffffff882041cc                AmrHead_table
                0xffffffff882041d4                SNDRECBUF_LEN_AMR
                0xffffffff882041f4                Voc_frame_bytes
                0xffffffff88204708                g_charsets
                0xffffffff88205fc0                aiuser_itf
                0xffffffff88206774                AMR_HEADER
                0xffffffff88209640                mbedtls_rsa_info
                0xffffffff88209670                mbedtls_eckey_info
                0xffffffff882096a0                mbedtls_eckeydh_info
                0xffffffff882096d0                mbedtls_ecdsa_info
                0xffffffff8820be3c                mbedtls_x509_crt_profile_default
                0xffffffff8820be4c                mbedtls_x509_crt_profile_suiteb
                0xffffffff8820bf30                altcp_tcp_functions
                0xffffffff8820c2a4                altcp_mbedtls_functions
                0xffffffff8820c3f8                mbedtls_cipher_definitions
                0xffffffff8820e7f4                mbedtls_md4_info
                0xffffffff8820e824                mbedtls_md5_info
                0xffffffff8820e854                mbedtls_ripemd160_info
                0xffffffff8820e884                mbedtls_sha1_info
                0xffffffff8820e8b4                mbedtls_sha224_info
                0xffffffff8820e8e4                mbedtls_sha256_info
                0xffffffff8820e914                mbedtls_sha384_info
                0xffffffff8820e944                mbedtls_sha512_info

.bootbss        0xffffffff82056e10       0x10
 hex/gps/SW_V2131_csdk.elf(.bootbss)
 .bootbss       0xffffffff82056e10       0x10 hex/gps/SW_V2131_csdk.elf
                0xffffffff82056e10                g_memdFlashBaseAddress

.sramucdata     0xffffffffa1c08ac0      0x260 load address 0xffffffff8801b580
 hex/gps/SW_V2131_csdk.elf(.sramucdata)
 .sramucdata    0xffffffffa1c08ac0      0x260 hex/gps/SW_V2131_csdk.elf
                0xffffffffa1c08ac0                _sys_sram_uncached_start
                0xffffffffa1c08ac0                g_halGdbEnabled
                0xffffffffa1c08c8c                sxr_active_Task
                0xffffffffa1c08c94                g_halMapAccess
                0xffffffffa1c08ce0                g_uart_busy
                0xffffffffa1c08ce4                g_uart_r_busy
                0xffffffffa1c08cec                g_halLpsCtx
LOAD hex/gps/gps.elf
LOAD hex/gps/SW_V2131_csdk.elf
OUTPUT(/home/johhn/桌面/sdk_test/GPRS_C_SDK/hex/gps/gps_BASE_csdk_debug.elf elf32-littlemips)

.comment        0x0000000000000000       0x31
 .comment       0x0000000000000000       0x31 hex/gps/SW_V2131_csdk.elf
 .comment       0x0000000000000000       0x31 hex/gps/gps.elf

.reginfo        0x0000000000000000       0x18
 .reginfo       0x0000000000000000       0x18 hex/gps/gps.elf

.gnu.attributes
                0x0000000000000000       0x10
 .gnu.attributes
                0x0000000000000000       0x10 hex/gps/gps.elf

.debug_aranges  0x0000000000000000    0x1a778
 .debug_aranges
                0x0000000000000000    0x1a320 hex/gps/SW_V2131_csdk.elf
 .debug_aranges
                0x000000000001a320      0x458 hex/gps/gps.elf

.debug_pubnames
                0x0000000000000000    0x60cf9
 .debug_pubnames
                0x0000000000000000    0x60533 hex/gps/SW_V2131_csdk.elf
 .debug_pubnames
                0x0000000000060533      0x7c6 hex/gps/gps.elf

.debug_info     0x0000000000000000   0x529c3d
 .debug_info    0x0000000000000000   0x50af1d hex/gps/SW_V2131_csdk.elf
 .debug_info    0x000000000050af1d    0x1ed20 hex/gps/gps.elf

.debug_abbrev   0x0000000000000000    0x6a5a1
 .debug_abbrev  0x0000000000000000    0x682fa hex/gps/SW_V2131_csdk.elf
 .debug_abbrev  0x00000000000682fa     0x22a7 hex/gps/gps.elf

.debug_line     0x0000000000000000    0xc74bf
 .debug_line    0x0000000000000000    0xc5384 hex/gps/SW_V2131_csdk.elf
 .debug_line    0x00000000000c5384     0x213b hex/gps/gps.elf

.debug_frame    0x0000000000000000    0x4c3b4
 .debug_frame   0x0000000000000000    0x4b9d8 hex/gps/SW_V2131_csdk.elf
 .debug_frame   0x000000000004b9d8      0x9dc hex/gps/gps.elf

.debug_str      0x0000000000000000    0xa8336
 .debug_str     0x0000000000000000    0xa726f hex/gps/SW_V2131_csdk.elf
                                      0xa7287 (size before relaxing)
 .debug_str     0x00000000000a726f     0x10c7 hex/gps/gps.elf
                                       0x5ec4 (size before relaxing)

.debug_loc      0x0000000000000000   0x16ce6a
 .debug_loc     0x0000000000000000   0x16a3d6 hex/gps/SW_V2131_csdk.elf
 .debug_loc     0x000000000016a3d6     0x2a94 hex/gps/gps.elf

.debug_ranges   0x0000000000000000      0x300
 .debug_ranges  0x0000000000000000      0x300 hex/gps/gps.elf
