Archive member included because of file (symbol)

/home/johhn/桌面/sdk_test/GPRS_C_SDK/build/gps/init/lib/libinit_debug.a(sdk_init.o)
                              (user_Main)
/home/johhn/桌面/sdk_test/GPRS_C_SDK/build/gps/demo/gps/lib/libgps_debug.a(demo_gps.o)
                              /home/johhn/桌面/sdk_test/GPRS_C_SDK/build/gps/init/lib/libinit_debug.a(sdk_init.o) (gps_Main)
/home/johhn/桌面/sdk_test/GPRS_C_SDK/build/gps/libs/lib/liblibs_debug.a(gps.o)
                              /home/johhn/桌面/sdk_test/GPRS_C_SDK/build/gps/demo/gps/lib/libgps_debug.a(demo_gps.o) (GPS_SetOutputInterval)
/home/johhn/桌面/sdk_test/GPRS_C_SDK/build/gps/libs/lib/liblibs_debug.a(gps_parse.o)
                              /home/johhn/桌面/sdk_test/GPRS_C_SDK/build/gps/demo/gps/lib/libgps_debug.a(demo_gps.o) (Gps_GetInfo)
/home/johhn/桌面/sdk_test/GPRS_C_SDK/build/gps/libs/lib/liblibs_debug.a(minmea.o)
                              /home/johhn/桌面/sdk_test/GPRS_C_SDK/build/gps/libs/lib/liblibs_debug.a(gps_parse.o) (minmea_parse_zda)
/home/johhn/桌面/sdk_test/GPRS_C_SDK/build/gps/libs/lib/liblibs_debug.a(assert.o)
                              /home/johhn/桌面/sdk_test/GPRS_C_SDK/build/gps/libs/lib/liblibs_debug.a(gps.o) (Assert)
/home/johhn/桌面/sdk_test/GPRS_C_SDK/build/gps/libs/lib/liblibs_debug.a(buffer.o)
                              /home/johhn/桌面/sdk_test/GPRS_C_SDK/build/gps/libs/lib/liblibs_debug.a(gps.o) (Buffer_Query)
/home/johhn/桌面/sdk_test/GPRS_C_SDK/platform/lib/gcc/mips-elf/4.4.2/libgcc.a(_sf_to_df.o)
                              /home/johhn/桌面/sdk_test/GPRS_C_SDK/build/gps/libs/lib/liblibs_debug.a(gps.o) (__extendsfdf2)
/home/johhn/桌面/sdk_test/GPRS_C_SDK/platform/lib/gcc/mips-elf/4.4.2/libgcc.a(_addsub_df.o)
                              /home/johhn/桌面/sdk_test/GPRS_C_SDK/build/gps/demo/gps/lib/libgps_debug.a(demo_gps.o) (__adddf3)
/home/johhn/桌面/sdk_test/GPRS_C_SDK/platform/lib/gcc/mips-elf/4.4.2/libgcc.a(_div_df.o)
                              /home/johhn/桌面/sdk_test/GPRS_C_SDK/build/gps/demo/gps/lib/libgps_debug.a(demo_gps.o) (__divdf3)
/home/johhn/桌面/sdk_test/GPRS_C_SDK/platform/lib/gcc/mips-elf/4.4.2/libgcc.a(_si_to_df.o)
                              /home/johhn/桌面/sdk_test/GPRS_C_SDK/build/gps/demo/gps/lib/libgps_debug.a(demo_gps.o) (__floatsidf)
/home/johhn/桌面/sdk_test/GPRS_C_SDK/platform/lib/gcc/mips-elf/4.4.2/libgcc.a(_make_df.o)
                              /home/johhn/桌面/sdk_test/GPRS_C_SDK/platform/lib/gcc/mips-elf/4.4.2/libgcc.a(_sf_to_df.o) (__make_dp)
/home/johhn/桌面/sdk_test/GPRS_C_SDK/platform/lib/gcc/mips-elf/4.4.2/libgcc.a(_thenan_df.o)
                              /home/johhn/桌面/sdk_test/GPRS_C_SDK/platform/lib/gcc/mips-elf/4.4.2/libgcc.a(_addsub_df.o) (__thenan_df)
/home/johhn/桌面/sdk_test/GPRS_C_SDK/platform/lib/gcc/mips-elf/4.4.2/libgcc.a(_lshrdi3.o)
                              /home/johhn/桌面/sdk_test/GPRS_C_SDK/platform/lib/gcc/mips-elf/4.4.2/libgcc.a(_addsub_df.o) (__lshrdi3)
/home/johhn/桌面/sdk_test/GPRS_C_SDK/platform/lib/gcc/mips-elf/4.4.2/libgcc.a(_ashldi3.o)
                              /home/johhn/桌面/sdk_test/GPRS_C_SDK/platform/lib/gcc/mips-elf/4.4.2/libgcc.a(_addsub_df.o) (__ashldi3)
/home/johhn/桌面/sdk_test/GPRS_C_SDK/platform/lib/gcc/mips-elf/4.4.2/libgcc.a(_ucmpdi2.o)
                              /home/johhn/桌面/sdk_test/GPRS_C_SDK/platform/lib/gcc/mips-elf/4.4.2/libgcc.a(_addsub_df.o) (__ucmpdi2)
/home/johhn/桌面/sdk_test/GPRS_C_SDK/platform/lib/gcc/mips-elf/4.4.2/libgcc.a(_clzsi2.o)
                              /home/johhn/桌面/sdk_test/GPRS_C_SDK/platform/lib/gcc/mips-elf/4.4.2/libgcc.a(_si_to_df.o) (__clzsi2)
/home/johhn/桌面/sdk_test/GPRS_C_SDK/platform/lib/gcc/mips-elf/4.4.2/libgcc.a(_unpack_sf.o)
                              /home/johhn/桌面/sdk_test/GPRS_C_SDK/platform/lib/gcc/mips-elf/4.4.2/libgcc.a(_sf_to_df.o) (__unpack_f)
/home/johhn/桌面/sdk_test/GPRS_C_SDK/platform/lib/gcc/mips-elf/4.4.2/libgcc.a(_pack_df.o)
                              /home/johhn/桌面/sdk_test/GPRS_C_SDK/platform/lib/gcc/mips-elf/4.4.2/libgcc.a(_addsub_df.o) (__pack_d)
/home/johhn/桌面/sdk_test/GPRS_C_SDK/platform/lib/gcc/mips-elf/4.4.2/libgcc.a(_unpack_df.o)
                              /home/johhn/桌面/sdk_test/GPRS_C_SDK/platform/lib/gcc/mips-elf/4.4.2/libgcc.a(_addsub_df.o) (__unpack_d)
/home/johhn/桌面/sdk_test/GPRS_C_SDK/platform/lib/gcc/mips-elf/4.4.2/libgcc.a(_clz.o)
                              /home/johhn/桌面/sdk_test/GPRS_C_SDK/platform/lib/gcc/mips-elf/4.4.2/libgcc.a(_clzsi2.o) (__clz_tab)

Allocating common symbols
Common symbol       size              file

temp000___          0x4               /home/johhn/桌面/sdk_test/GPRS_C_SDK/build/gps/init/lib/libinit_debug.a(sdk_init.o)
g_gps_info          0x7dc             /home/johhn/桌面/sdk_test/GPRS_C_SDK/build/gps/libs/lib/liblibs_debug.a(gps_parse.o)

Discarded input sections

 .text          0x0000000000000000        0x0 /home/johhn/桌面/sdk_test/GPRS_C_SDK/build/gps/init/lib/libinit_debug.a(sdk_init.o)
 .data          0x0000000000000000        0x0 /home/johhn/桌面/sdk_test/GPRS_C_SDK/build/gps/init/lib/libinit_debug.a(sdk_init.o)
 .bss           0x0000000000000000        0x0 /home/johhn/桌面/sdk_test/GPRS_C_SDK/build/gps/init/lib/libinit_debug.a(sdk_init.o)
 .pdr           0x0000000000000000       0x40 /home/johhn/桌面/sdk_test/GPRS_C_SDK/build/gps/init/lib/libinit_debug.a(sdk_init.o)
 .text          0x0000000000000000        0x0 /home/johhn/桌面/sdk_test/GPRS_C_SDK/build/gps/demo/gps/lib/libgps_debug.a(demo_gps.o)
 .data          0x0000000000000000        0x0 /home/johhn/桌面/sdk_test/GPRS_C_SDK/build/gps/demo/gps/lib/libgps_debug.a(demo_gps.o)
 .bss           0x0000000000000000        0x0 /home/johhn/桌面/sdk_test/GPRS_C_SDK/build/gps/demo/gps/lib/libgps_debug.a(demo_gps.o)
 .reginfo       0x0000000000000000       0x18 /home/johhn/桌面/sdk_test/GPRS_C_SDK/build/gps/demo/gps/lib/libgps_debug.a(demo_gps.o)
 .pdr           0x0000000000000000       0x80 /home/johhn/桌面/sdk_test/GPRS_C_SDK/build/gps/demo/gps/lib/libgps_debug.a(demo_gps.o)
 .bss.aaa       0x0000000000000000        0x4 /home/johhn/桌面/sdk_test/GPRS_C_SDK/build/gps/demo/gps/lib/libgps_debug.a(demo_gps.o)
 .text          0x0000000000000000        0x0 /home/johhn/桌面/sdk_test/GPRS_C_SDK/build/gps/libs/lib/liblibs_debug.a(gps.o)
 .data          0x0000000000000000        0x0 /home/johhn/桌面/sdk_test/GPRS_C_SDK/build/gps/libs/lib/liblibs_debug.a(gps.o)
 .bss           0x0000000000000000        0x0 /home/johhn/桌面/sdk_test/GPRS_C_SDK/build/gps/libs/lib/liblibs_debug.a(gps.o)
 .reginfo       0x0000000000000000       0x18 /home/johhn/桌面/sdk_test/GPRS_C_SDK/build/gps/libs/lib/liblibs_debug.a(gps.o)
 .pdr           0x0000000000000000      0x4a0 /home/johhn/桌面/sdk_test/GPRS_C_SDK/build/gps/libs/lib/liblibs_debug.a(gps.o)
 .text.GPS_SaveLog
                0x0000000000000000       0x14 /home/johhn/桌面/sdk_test/GPRS_C_SDK/build/gps/libs/lib/liblibs_debug.a(gps.o)
 .text.GPS_IsSaveLog
                0x0000000000000000        0xc /home/johhn/桌面/sdk_test/GPRS_C_SDK/build/gps/libs/lib/liblibs_debug.a(gps.o)
 .text.GPS_ClearLog
                0x0000000000000000       0x40 /home/johhn/桌面/sdk_test/GPRS_C_SDK/build/gps/libs/lib/liblibs_debug.a(gps.o)
 .text.GPS_SetFormat
                0x0000000000000000        0x4 /home/johhn/桌面/sdk_test/GPRS_C_SDK/build/gps/libs/lib/liblibs_debug.a(gps.o)
 .text.GPS_SendGPDPack
                0x0000000000000000       0x5c /home/johhn/桌面/sdk_test/GPRS_C_SDK/build/gps/libs/lib/liblibs_debug.a(gps.o)
 .text.GPS_SetNMEAMode
                0x0000000000000000       0x50 /home/johhn/桌面/sdk_test/GPRS_C_SDK/build/gps/libs/lib/liblibs_debug.a(gps.o)
 .text.GPS_SetBinaryMode
                0x0000000000000000       0x4c /home/johhn/桌面/sdk_test/GPRS_C_SDK/build/gps/libs/lib/liblibs_debug.a(gps.o)
 .text.GPS_SetFixMode
                0x0000000000000000       0x4c /home/johhn/桌面/sdk_test/GPRS_C_SDK/build/gps/libs/lib/liblibs_debug.a(gps.o)
 .text.GPS_SetLocationTime
                0x0000000000000000       0xb4 /home/johhn/桌面/sdk_test/GPRS_C_SDK/build/gps/libs/lib/liblibs_debug.a(gps.o)
 .text.GPS_SetRtcTime
                0x0000000000000000       0x60 /home/johhn/桌面/sdk_test/GPRS_C_SDK/build/gps/libs/lib/liblibs_debug.a(gps.o)
 .text.GPS_SetNmeaOutputFreq
                0x0000000000000000       0x90 /home/johhn/桌面/sdk_test/GPRS_C_SDK/build/gps/libs/lib/liblibs_debug.a(gps.o)
 .text.GPS_SetSBASEnable
                0x0000000000000000       0x48 /home/johhn/桌面/sdk_test/GPRS_C_SDK/build/gps/libs/lib/liblibs_debug.a(gps.o)
 .text.GPS_SetSearchMode
                0x0000000000000000       0x54 /home/johhn/桌面/sdk_test/GPRS_C_SDK/build/gps/libs/lib/liblibs_debug.a(gps.o)
 .text.GPS_SetQzssEnable
                0x0000000000000000       0x48 /home/johhn/桌面/sdk_test/GPRS_C_SDK/build/gps/libs/lib/liblibs_debug.a(gps.o)
 .text.GPS_SetQzssOutput
                0x0000000000000000       0x48 /home/johhn/桌面/sdk_test/GPRS_C_SDK/build/gps/libs/lib/liblibs_debug.a(gps.o)
 .text.GPS_SetLpMode
                0x0000000000000000       0x44 /home/johhn/桌面/sdk_test/GPRS_C_SDK/build/gps/libs/lib/liblibs_debug.a(gps.o)
 .text.GPS_SetStandbyMode
                0x0000000000000000       0x44 /home/johhn/桌面/sdk_test/GPRS_C_SDK/build/gps/libs/lib/liblibs_debug.a(gps.o)
 .text.GPS_ClearInfoInFlash
                0x0000000000000000       0x44 /home/johhn/桌面/sdk_test/GPRS_C_SDK/build/gps/libs/lib/liblibs_debug.a(gps.o)
 .text.GPS_Reboot
                0x0000000000000000       0x48 /home/johhn/桌面/sdk_test/GPRS_C_SDK/build/gps/libs/lib/liblibs_debug.a(gps.o)
 .text.GPS_AGPS
                0x0000000000000000      0x2cc /home/johhn/桌面/sdk_test/GPRS_C_SDK/build/gps/libs/lib/liblibs_debug.a(gps.o)
 .text          0x0000000000000000        0x0 /home/johhn/桌面/sdk_test/GPRS_C_SDK/build/gps/libs/lib/liblibs_debug.a(gps_parse.o)
 .data          0x0000000000000000        0x0 /home/johhn/桌面/sdk_test/GPRS_C_SDK/build/gps/libs/lib/liblibs_debug.a(gps_parse.o)
 .bss           0x0000000000000000        0x0 /home/johhn/桌面/sdk_test/GPRS_C_SDK/build/gps/libs/lib/liblibs_debug.a(gps_parse.o)
 .reginfo       0x0000000000000000       0x18 /home/johhn/桌面/sdk_test/GPRS_C_SDK/build/gps/libs/lib/liblibs_debug.a(gps_parse.o)
 .pdr           0x0000000000000000       0x60 /home/johhn/桌面/sdk_test/GPRS_C_SDK/build/gps/libs/lib/liblibs_debug.a(gps_parse.o)
 .text          0x0000000000000000        0x0 /home/johhn/桌面/sdk_test/GPRS_C_SDK/build/gps/libs/lib/liblibs_debug.a(minmea.o)
 .data          0x0000000000000000        0x0 /home/johhn/桌面/sdk_test/GPRS_C_SDK/build/gps/libs/lib/liblibs_debug.a(minmea.o)
 .bss           0x0000000000000000        0x0 /home/johhn/桌面/sdk_test/GPRS_C_SDK/build/gps/libs/lib/liblibs_debug.a(minmea.o)
 .reginfo       0x0000000000000000       0x18 /home/johhn/桌面/sdk_test/GPRS_C_SDK/build/gps/libs/lib/liblibs_debug.a(minmea.o)
 .pdr           0x0000000000000000      0x1e0 /home/johhn/桌面/sdk_test/GPRS_C_SDK/build/gps/libs/lib/liblibs_debug.a(minmea.o)
 .text.minmea_checksum
                0x0000000000000000       0x2c /home/johhn/桌面/sdk_test/GPRS_C_SDK/build/gps/libs/lib/liblibs_debug.a(minmea.o)
 .text.minmea_gettime
                0x0000000000000000       0x88 /home/johhn/桌面/sdk_test/GPRS_C_SDK/build/gps/libs/lib/liblibs_debug.a(minmea.o)
 .text.minmea_talker_id
                0x0000000000000000       0x34 /home/johhn/桌面/sdk_test/GPRS_C_SDK/build/gps/libs/lib/liblibs_debug.a(minmea.o)
 .text          0x0000000000000000        0x0 /home/johhn/桌面/sdk_test/GPRS_C_SDK/build/gps/libs/lib/liblibs_debug.a(assert.o)
 .data          0x0000000000000000        0x0 /home/johhn/桌面/sdk_test/GPRS_C_SDK/build/gps/libs/lib/liblibs_debug.a(assert.o)
 .bss           0x0000000000000000        0x0 /home/johhn/桌面/sdk_test/GPRS_C_SDK/build/gps/libs/lib/liblibs_debug.a(assert.o)
 .reginfo       0x0000000000000000       0x18 /home/johhn/桌面/sdk_test/GPRS_C_SDK/build/gps/libs/lib/liblibs_debug.a(assert.o)
 .pdr           0x0000000000000000       0x20 /home/johhn/桌面/sdk_test/GPRS_C_SDK/build/gps/libs/lib/liblibs_debug.a(assert.o)
 .text          0x0000000000000000        0x0 /home/johhn/桌面/sdk_test/GPRS_C_SDK/build/gps/libs/lib/liblibs_debug.a(buffer.o)
 .data          0x0000000000000000        0x0 /home/johhn/桌面/sdk_test/GPRS_C_SDK/build/gps/libs/lib/liblibs_debug.a(buffer.o)
 .bss           0x0000000000000000        0x0 /home/johhn/桌面/sdk_test/GPRS_C_SDK/build/gps/libs/lib/liblibs_debug.a(buffer.o)
 .reginfo       0x0000000000000000       0x18 /home/johhn/桌面/sdk_test/GPRS_C_SDK/build/gps/libs/lib/liblibs_debug.a(buffer.o)
 .pdr           0x0000000000000000      0x100 /home/johhn/桌面/sdk_test/GPRS_C_SDK/build/gps/libs/lib/liblibs_debug.a(buffer.o)
 .text          0x0000000000000000       0x2c /home/johhn/桌面/sdk_test/GPRS_C_SDK/platform/lib/gcc/mips-elf/4.4.2/libgcc.a(_sf_to_df.o)
 .data          0x0000000000000000        0x0 /home/johhn/桌面/sdk_test/GPRS_C_SDK/platform/lib/gcc/mips-elf/4.4.2/libgcc.a(_sf_to_df.o)
 .bss           0x0000000000000000        0x0 /home/johhn/桌面/sdk_test/GPRS_C_SDK/platform/lib/gcc/mips-elf/4.4.2/libgcc.a(_sf_to_df.o)
 .reginfo       0x0000000000000000       0x18 /home/johhn/桌面/sdk_test/GPRS_C_SDK/platform/lib/gcc/mips-elf/4.4.2/libgcc.a(_sf_to_df.o)
 .pdr           0x0000000000000000       0x20 /home/johhn/桌面/sdk_test/GPRS_C_SDK/platform/lib/gcc/mips-elf/4.4.2/libgcc.a(_sf_to_df.o)
 .data          0x0000000000000000        0x0 /home/johhn/桌面/sdk_test/GPRS_C_SDK/platform/lib/gcc/mips-elf/4.4.2/libgcc.a(_addsub_df.o)
 .bss           0x0000000000000000        0x0 /home/johhn/桌面/sdk_test/GPRS_C_SDK/platform/lib/gcc/mips-elf/4.4.2/libgcc.a(_addsub_df.o)
 .reginfo       0x0000000000000000       0x18 /home/johhn/桌面/sdk_test/GPRS_C_SDK/platform/lib/gcc/mips-elf/4.4.2/libgcc.a(_addsub_df.o)
 .pdr           0x0000000000000000       0x60 /home/johhn/桌面/sdk_test/GPRS_C_SDK/platform/lib/gcc/mips-elf/4.4.2/libgcc.a(_addsub_df.o)
 .data          0x0000000000000000        0x0 /home/johhn/桌面/sdk_test/GPRS_C_SDK/platform/lib/gcc/mips-elf/4.4.2/libgcc.a(_div_df.o)
 .bss           0x0000000000000000        0x0 /home/johhn/桌面/sdk_test/GPRS_C_SDK/platform/lib/gcc/mips-elf/4.4.2/libgcc.a(_div_df.o)
 .reginfo       0x0000000000000000       0x18 /home/johhn/桌面/sdk_test/GPRS_C_SDK/platform/lib/gcc/mips-elf/4.4.2/libgcc.a(_div_df.o)
 .pdr           0x0000000000000000       0x20 /home/johhn/桌面/sdk_test/GPRS_C_SDK/platform/lib/gcc/mips-elf/4.4.2/libgcc.a(_div_df.o)
 .data          0x0000000000000000        0x0 /home/johhn/桌面/sdk_test/GPRS_C_SDK/platform/lib/gcc/mips-elf/4.4.2/libgcc.a(_si_to_df.o)
 .bss           0x0000000000000000        0x0 /home/johhn/桌面/sdk_test/GPRS_C_SDK/platform/lib/gcc/mips-elf/4.4.2/libgcc.a(_si_to_df.o)
 .reginfo       0x0000000000000000       0x18 /home/johhn/桌面/sdk_test/GPRS_C_SDK/platform/lib/gcc/mips-elf/4.4.2/libgcc.a(_si_to_df.o)
 .pdr           0x0000000000000000       0x20 /home/johhn/桌面/sdk_test/GPRS_C_SDK/platform/lib/gcc/mips-elf/4.4.2/libgcc.a(_si_to_df.o)
 .text          0x0000000000000000       0x20 /home/johhn/桌面/sdk_test/GPRS_C_SDK/platform/lib/gcc/mips-elf/4.4.2/libgcc.a(_make_df.o)
 .data          0x0000000000000000        0x0 /home/johhn/桌面/sdk_test/GPRS_C_SDK/platform/lib/gcc/mips-elf/4.4.2/libgcc.a(_make_df.o)
 .bss           0x0000000000000000        0x0 /home/johhn/桌面/sdk_test/GPRS_C_SDK/platform/lib/gcc/mips-elf/4.4.2/libgcc.a(_make_df.o)
 .reginfo       0x0000000000000000       0x18 /home/johhn/桌面/sdk_test/GPRS_C_SDK/platform/lib/gcc/mips-elf/4.4.2/libgcc.a(_make_df.o)
 .pdr           0x0000000000000000       0x20 /home/johhn/桌面/sdk_test/GPRS_C_SDK/platform/lib/gcc/mips-elf/4.4.2/libgcc.a(_make_df.o)
 .text          0x0000000000000000        0x0 /home/johhn/桌面/sdk_test/GPRS_C_SDK/platform/lib/gcc/mips-elf/4.4.2/libgcc.a(_thenan_df.o)
 .data          0x0000000000000000        0x0 /home/johhn/桌面/sdk_test/GPRS_C_SDK/platform/lib/gcc/mips-elf/4.4.2/libgcc.a(_thenan_df.o)
 .bss           0x0000000000000000        0x0 /home/johhn/桌面/sdk_test/GPRS_C_SDK/platform/lib/gcc/mips-elf/4.4.2/libgcc.a(_thenan_df.o)
 .reginfo       0x0000000000000000       0x18 /home/johhn/桌面/sdk_test/GPRS_C_SDK/platform/lib/gcc/mips-elf/4.4.2/libgcc.a(_thenan_df.o)
 .data          0x0000000000000000        0x0 /home/johhn/桌面/sdk_test/GPRS_C_SDK/platform/lib/gcc/mips-elf/4.4.2/libgcc.a(_lshrdi3.o)
 .bss           0x0000000000000000        0x0 /home/johhn/桌面/sdk_test/GPRS_C_SDK/platform/lib/gcc/mips-elf/4.4.2/libgcc.a(_lshrdi3.o)
 .reginfo       0x0000000000000000       0x18 /home/johhn/桌面/sdk_test/GPRS_C_SDK/platform/lib/gcc/mips-elf/4.4.2/libgcc.a(_lshrdi3.o)
 .pdr           0x0000000000000000       0x20 /home/johhn/桌面/sdk_test/GPRS_C_SDK/platform/lib/gcc/mips-elf/4.4.2/libgcc.a(_lshrdi3.o)
 .data          0x0000000000000000        0x0 /home/johhn/桌面/sdk_test/GPRS_C_SDK/platform/lib/gcc/mips-elf/4.4.2/libgcc.a(_ashldi3.o)
 .bss           0x0000000000000000        0x0 /home/johhn/桌面/sdk_test/GPRS_C_SDK/platform/lib/gcc/mips-elf/4.4.2/libgcc.a(_ashldi3.o)
 .reginfo       0x0000000000000000       0x18 /home/johhn/桌面/sdk_test/GPRS_C_SDK/platform/lib/gcc/mips-elf/4.4.2/libgcc.a(_ashldi3.o)
 .pdr           0x0000000000000000       0x20 /home/johhn/桌面/sdk_test/GPRS_C_SDK/platform/lib/gcc/mips-elf/4.4.2/libgcc.a(_ashldi3.o)
 .data          0x0000000000000000        0x0 /home/johhn/桌面/sdk_test/GPRS_C_SDK/platform/lib/gcc/mips-elf/4.4.2/libgcc.a(_ucmpdi2.o)
 .bss           0x0000000000000000        0x0 /home/johhn/桌面/sdk_test/GPRS_C_SDK/platform/lib/gcc/mips-elf/4.4.2/libgcc.a(_ucmpdi2.o)
 .reginfo       0x0000000000000000       0x18 /home/johhn/桌面/sdk_test/GPRS_C_SDK/platform/lib/gcc/mips-elf/4.4.2/libgcc.a(_ucmpdi2.o)
 .pdr           0x0000000000000000       0x20 /home/johhn/桌面/sdk_test/GPRS_C_SDK/platform/lib/gcc/mips-elf/4.4.2/libgcc.a(_ucmpdi2.o)
 .data          0x0000000000000000        0x0 /home/johhn/桌面/sdk_test/GPRS_C_SDK/platform/lib/gcc/mips-elf/4.4.2/libgcc.a(_clzsi2.o)
 .bss           0x0000000000000000        0x0 /home/johhn/桌面/sdk_test/GPRS_C_SDK/platform/lib/gcc/mips-elf/4.4.2/libgcc.a(_clzsi2.o)
 .reginfo       0x0000000000000000       0x18 /home/johhn/桌面/sdk_test/GPRS_C_SDK/platform/lib/gcc/mips-elf/4.4.2/libgcc.a(_clzsi2.o)
 .pdr           0x0000000000000000       0x20 /home/johhn/桌面/sdk_test/GPRS_C_SDK/platform/lib/gcc/mips-elf/4.4.2/libgcc.a(_clzsi2.o)
 .text          0x0000000000000000       0x7c /home/johhn/桌面/sdk_test/GPRS_C_SDK/platform/lib/gcc/mips-elf/4.4.2/libgcc.a(_unpack_sf.o)
 .data          0x0000000000000000        0x0 /home/johhn/桌面/sdk_test/GPRS_C_SDK/platform/lib/gcc/mips-elf/4.4.2/libgcc.a(_unpack_sf.o)
 .bss           0x0000000000000000        0x0 /home/johhn/桌面/sdk_test/GPRS_C_SDK/platform/lib/gcc/mips-elf/4.4.2/libgcc.a(_unpack_sf.o)
 .reginfo       0x0000000000000000       0x18 /home/johhn/桌面/sdk_test/GPRS_C_SDK/platform/lib/gcc/mips-elf/4.4.2/libgcc.a(_unpack_sf.o)
 .pdr           0x0000000000000000       0x20 /home/johhn/桌面/sdk_test/GPRS_C_SDK/platform/lib/gcc/mips-elf/4.4.2/libgcc.a(_unpack_sf.o)
 .data          0x0000000000000000        0x0 /home/johhn/桌面/sdk_test/GPRS_C_SDK/platform/lib/gcc/mips-elf/4.4.2/libgcc.a(_pack_df.o)
 .bss           0x0000000000000000        0x0 /home/johhn/桌面/sdk_test/GPRS_C_SDK/platform/lib/gcc/mips-elf/4.4.2/libgcc.a(_pack_df.o)
 .reginfo       0x0000000000000000       0x18 /home/johhn/桌面/sdk_test/GPRS_C_SDK/platform/lib/gcc/mips-elf/4.4.2/libgcc.a(_pack_df.o)
 .pdr           0x0000000000000000       0x20 /home/johhn/桌面/sdk_test/GPRS_C_SDK/platform/lib/gcc/mips-elf/4.4.2/libgcc.a(_pack_df.o)
 .data          0x0000000000000000        0x0 /home/johhn/桌面/sdk_test/GPRS_C_SDK/platform/lib/gcc/mips-elf/4.4.2/libgcc.a(_unpack_df.o)
 .bss           0x0000000000000000        0x0 /home/johhn/桌面/sdk_test/GPRS_C_SDK/platform/lib/gcc/mips-elf/4.4.2/libgcc.a(_unpack_df.o)
 .reginfo       0x0000000000000000       0x18 /home/johhn/桌面/sdk_test/GPRS_C_SDK/platform/lib/gcc/mips-elf/4.4.2/libgcc.a(_unpack_df.o)
 .pdr           0x0000000000000000       0x20 /home/johhn/桌面/sdk_test/GPRS_C_SDK/platform/lib/gcc/mips-elf/4.4.2/libgcc.a(_unpack_df.o)
 .text          0x0000000000000000        0x0 /home/johhn/桌面/sdk_test/GPRS_C_SDK/platform/lib/gcc/mips-elf/4.4.2/libgcc.a(_clz.o)
 .data          0x0000000000000000        0x0 /home/johhn/桌面/sdk_test/GPRS_C_SDK/platform/lib/gcc/mips-elf/4.4.2/libgcc.a(_clz.o)
 .bss           0x0000000000000000        0x0 /home/johhn/桌面/sdk_test/GPRS_C_SDK/platform/lib/gcc/mips-elf/4.4.2/libgcc.a(_clz.o)
 .reginfo       0x0000000000000000       0x18 /home/johhn/桌面/sdk_test/GPRS_C_SDK/platform/lib/gcc/mips-elf/4.4.2/libgcc.a(_clz.o)

Memory Configuration

Name             Origin             Length             Attributes
*default*        0x0000000000000000 0xffffffffffffffff

Linker script and memory map

LOAD /home/johhn/桌面/sdk_test/GPRS_C_SDK/platform/chip/rom/8955/lib/mem_bridge_rom_CHIP.elf
                0xffffffff88240000                . = 0xffffffff88240000
                0xffffffff88240000                __rom_start = .

.section_init   0xffffffff88240000       0x10
 *(.section_init)
 .section_init  0xffffffff88240000        0x8 /home/johhn/桌面/sdk_test/GPRS_C_SDK/build/gps/init/lib/libinit_debug.a(sdk_init.o)
                0xffffffff88240010                . = ALIGN (0x10)
 *fill*         0xffffffff88240008        0x8 00

.cust_rotext    0xffffffff88240010     0x22f0
 *(.text)
 .text          0xffffffff88240010      0x2f0 /home/johhn/桌面/sdk_test/GPRS_C_SDK/platform/lib/gcc/mips-elf/4.4.2/libgcc.a(_addsub_df.o)
                0xffffffff88240279                __subdf3
                0xffffffff882402c1                __adddf3
 .text          0xffffffff88240300      0x138 /home/johhn/桌面/sdk_test/GPRS_C_SDK/platform/lib/gcc/mips-elf/4.4.2/libgcc.a(_div_df.o)
                0xffffffff88240301                __divdf3
 .text          0xffffffff88240438       0x78 /home/johhn/桌面/sdk_test/GPRS_C_SDK/platform/lib/gcc/mips-elf/4.4.2/libgcc.a(_si_to_df.o)
                0xffffffff88240439                __floatsidf
 .text          0xffffffff882404b0       0x3c /home/johhn/桌面/sdk_test/GPRS_C_SDK/platform/lib/gcc/mips-elf/4.4.2/libgcc.a(_lshrdi3.o)
                0xffffffff882404b1                __lshrdi3
 .text          0xffffffff882404ec       0x3c /home/johhn/桌面/sdk_test/GPRS_C_SDK/platform/lib/gcc/mips-elf/4.4.2/libgcc.a(_ashldi3.o)
                0xffffffff882404ed                __ashldi3
 .text          0xffffffff88240528       0x28 /home/johhn/桌面/sdk_test/GPRS_C_SDK/platform/lib/gcc/mips-elf/4.4.2/libgcc.a(_ucmpdi2.o)
                0xffffffff88240529                __ucmpdi2
 .text          0xffffffff88240550       0x3c /home/johhn/桌面/sdk_test/GPRS_C_SDK/platform/lib/gcc/mips-elf/4.4.2/libgcc.a(_clzsi2.o)
                0xffffffff88240551                __clzsi2
 .text          0xffffffff8824058c      0x1a4 /home/johhn/桌面/sdk_test/GPRS_C_SDK/platform/lib/gcc/mips-elf/4.4.2/libgcc.a(_pack_df.o)
                0xffffffff8824058d                __pack_d
 .text          0xffffffff88240730       0xac /home/johhn/桌面/sdk_test/GPRS_C_SDK/platform/lib/gcc/mips-elf/4.4.2/libgcc.a(_unpack_df.o)
                0xffffffff88240731                __unpack_d
 *(.text.*)
 .text.user_Main
                0xffffffff882407dc       0x1c /home/johhn/桌面/sdk_test/GPRS_C_SDK/build/gps/init/lib/libinit_debug.a(sdk_init.o)
                0xffffffff882407dd                user_Main
 .text.user_Init
                0xffffffff882407f8       0x48 /home/johhn/桌面/sdk_test/GPRS_C_SDK/build/gps/init/lib/libinit_debug.a(sdk_init.o)
                0xffffffff882407f9                user_Init
 .text.gps_Main
                0xffffffff88240840       0x48 /home/johhn/桌面/sdk_test/GPRS_C_SDK/build/gps/demo/gps/lib/libgps_debug.a(demo_gps.o)
                0xffffffff88240841                gps_Main
 .text.gps_testTask
                0xffffffff88240888      0x2d0 /home/johhn/桌面/sdk_test/GPRS_C_SDK/build/gps/demo/gps/lib/libgps_debug.a(demo_gps.o)
                0xffffffff88240889                gps_testTask
 .text.EventDispatch
                0xffffffff88240b58      0x12c /home/johhn/桌面/sdk_test/GPRS_C_SDK/build/gps/demo/gps/lib/libgps_debug.a(demo_gps.o)
                0xffffffff88240b59                EventDispatch
 .text.gps_MainTask
                0xffffffff88240c84       0xbc /home/johhn/桌面/sdk_test/GPRS_C_SDK/build/gps/demo/gps/lib/libgps_debug.a(demo_gps.o)
                0xffffffff88240c85                gps_MainTask
 .text.GPS_Send
                0xffffffff88240d40       0x24 /home/johhn/桌面/sdk_test/GPRS_C_SDK/build/gps/libs/lib/liblibs_debug.a(gps.o)
                0xffffffff88240d41                GPS_Send
 .text.GPS_CheckParityBinary
                0xffffffff88240d64       0x30 /home/johhn/桌面/sdk_test/GPRS_C_SDK/build/gps/libs/lib/liblibs_debug.a(gps.o)
                0xffffffff88240d65                GPS_CheckParityBinary
 .text.GPS_IsCMDValid
                0xffffffff88240d94       0x68 /home/johhn/桌面/sdk_test/GPRS_C_SDK/build/gps/libs/lib/liblibs_debug.a(gps.o)
                0xffffffff88240d95                GPS_IsCMDValid
 .text.GPS_IsCMDACKValid
                0xffffffff88240dfc        0xc /home/johhn/桌面/sdk_test/GPRS_C_SDK/build/gps/libs/lib/liblibs_debug.a(gps.o)
                0xffffffff88240dfd                GPS_IsCMDACKValid
 .text.OnCmdAckFail
                0xffffffff88240e08       0x28 /home/johhn/桌面/sdk_test/GPRS_C_SDK/build/gps/libs/lib/liblibs_debug.a(gps.o)
                0xffffffff88240e09                OnCmdAckFail
 .text.SaveToTFCard
                0xffffffff88240e30       0x64 /home/johhn/桌面/sdk_test/GPRS_C_SDK/build/gps/libs/lib/liblibs_debug.a(gps.o)
                0xffffffff88240e31                SaveToTFCard
 .text.GPS_CheckParity
                0xffffffff88240e94       0x54 /home/johhn/桌面/sdk_test/GPRS_C_SDK/build/gps/libs/lib/liblibs_debug.a(gps.o)
                0xffffffff88240e95                GPS_CheckParity
 .text.GPS_AckCheck
                0xffffffff88240ee8       0xb8 /home/johhn/桌面/sdk_test/GPRS_C_SDK/build/gps/libs/lib/liblibs_debug.a(gps.o)
                0xffffffff88240ee9                GPS_AckCheck
 .text.GPS_GetAckCmdBinary
                0xffffffff88240fa0       0x48 /home/johhn/桌面/sdk_test/GPRS_C_SDK/build/gps/libs/lib/liblibs_debug.a(gps.o)
                0xffffffff88240fa1                GPS_GetAckCmdBinary
 .text.GPS_GetAckCmd
                0xffffffff88240fe8       0x60 /home/johhn/桌面/sdk_test/GPRS_C_SDK/build/gps/libs/lib/liblibs_debug.a(gps.o)
                0xffffffff88240fe9                GPS_GetAckCmd
 .text.GPS_CMDSend
                0xffffffff88241048       0xa8 /home/johhn/桌面/sdk_test/GPRS_C_SDK/build/gps/libs/lib/liblibs_debug.a(gps.o)
                0xffffffff88241049                GPS_CMDSend
 .text.GPS_SendCMDWaitAck
                0xffffffff882410f0       0xf0 /home/johhn/桌面/sdk_test/GPRS_C_SDK/build/gps/libs/lib/liblibs_debug.a(gps.o)
                0xffffffff882410f1                GPS_SendCMDWaitAck
 .text.GPS_SendWaiteNormalAck
                0xffffffff882411e0       0x88 /home/johhn/桌面/sdk_test/GPRS_C_SDK/build/gps/libs/lib/liblibs_debug.a(gps.o)
 .text.GPS_SetOutputInterval
                0xffffffff88241268       0x4c /home/johhn/桌面/sdk_test/GPRS_C_SDK/build/gps/libs/lib/liblibs_debug.a(gps.o)
                0xffffffff88241269                GPS_SetOutputInterval
 .text.GPS_GetVersion
                0xffffffff882412b4       0xb8 /home/johhn/桌面/sdk_test/GPRS_C_SDK/build/gps/libs/lib/liblibs_debug.a(gps.o)
                0xffffffff882412b5                GPS_GetVersion
 .text.GPS_Update
                0xffffffff8824136c      0x22c /home/johhn/桌面/sdk_test/GPRS_C_SDK/build/gps/libs/lib/liblibs_debug.a(gps.o)
                0xffffffff8824136d                GPS_Update
 .text.GPS_Init
                0xffffffff88241598       0x20 /home/johhn/桌面/sdk_test/GPRS_C_SDK/build/gps/libs/lib/liblibs_debug.a(gps.o)
                0xffffffff88241599                GPS_Init
 .text.Gps_GetInfo
                0xffffffff882415b8        0xc /home/johhn/桌面/sdk_test/GPRS_C_SDK/build/gps/libs/lib/liblibs_debug.a(gps_parse.o)
                0xffffffff882415b9                Gps_GetInfo
 .text.ParseOneNmea
                0xffffffff882415c4       0xfc /home/johhn/桌面/sdk_test/GPRS_C_SDK/build/gps/libs/lib/liblibs_debug.a(gps_parse.o)
                0xffffffff882415c5                ParseOneNmea
 .text.GPS_Parse
                0xffffffff882416c0       0x68 /home/johhn/桌面/sdk_test/GPRS_C_SDK/build/gps/libs/lib/liblibs_debug.a(gps_parse.o)
                0xffffffff882416c1                GPS_Parse
 .text.hex2int  0xffffffff88241728       0x38 /home/johhn/桌面/sdk_test/GPRS_C_SDK/build/gps/libs/lib/liblibs_debug.a(minmea.o)
 .text.minmea_scan
                0xffffffff88241760      0x434 /home/johhn/桌面/sdk_test/GPRS_C_SDK/build/gps/libs/lib/liblibs_debug.a(minmea.o)
                0xffffffff88241761                minmea_scan
 .text.minmea_parse_zda
                0xffffffff88241b94       0x70 /home/johhn/桌面/sdk_test/GPRS_C_SDK/build/gps/libs/lib/liblibs_debug.a(minmea.o)
                0xffffffff88241b95                minmea_parse_zda
 .text.minmea_parse_vtg
                0xffffffff88241c04       0x90 /home/johhn/桌面/sdk_test/GPRS_C_SDK/build/gps/libs/lib/liblibs_debug.a(minmea.o)
                0xffffffff88241c05                minmea_parse_vtg
 .text.minmea_parse_gsv
                0xffffffff88241c94       0xa0 /home/johhn/桌面/sdk_test/GPRS_C_SDK/build/gps/libs/lib/liblibs_debug.a(minmea.o)
                0xffffffff88241c95                minmea_parse_gsv
 .text.minmea_parse_gst
                0xffffffff88241d34       0x60 /home/johhn/桌面/sdk_test/GPRS_C_SDK/build/gps/libs/lib/liblibs_debug.a(minmea.o)
                0xffffffff88241d35                minmea_parse_gst
 .text.minmea_parse_gll
                0xffffffff88241d94       0x70 /home/johhn/桌面/sdk_test/GPRS_C_SDK/build/gps/libs/lib/liblibs_debug.a(minmea.o)
                0xffffffff88241d95                minmea_parse_gll
 .text.minmea_parse_gsa
                0xffffffff88241e04       0x94 /home/johhn/桌面/sdk_test/GPRS_C_SDK/build/gps/libs/lib/liblibs_debug.a(minmea.o)
                0xffffffff88241e05                minmea_parse_gsa
 .text.minmea_parse_gga
                0xffffffff88241e98       0x94 /home/johhn/桌面/sdk_test/GPRS_C_SDK/build/gps/libs/lib/liblibs_debug.a(minmea.o)
                0xffffffff88241e99                minmea_parse_gga
 .text.minmea_parse_rmc
                0xffffffff88241f2c       0x9c /home/johhn/桌面/sdk_test/GPRS_C_SDK/build/gps/libs/lib/liblibs_debug.a(minmea.o)
                0xffffffff88241f2d                minmea_parse_rmc
 .text.minmea_check
                0xffffffff88241fc8       0xb0 /home/johhn/桌面/sdk_test/GPRS_C_SDK/build/gps/libs/lib/liblibs_debug.a(minmea.o)
                0xffffffff88241fc9                minmea_check
 .text.minmea_sentence_id
                0xffffffff88242078       0xb8 /home/johhn/桌面/sdk_test/GPRS_C_SDK/build/gps/libs/lib/liblibs_debug.a(minmea.o)
                0xffffffff88242079                minmea_sentence_id
 .text.Assert   0xffffffff88242130       0x20 /home/johhn/桌面/sdk_test/GPRS_C_SDK/build/gps/libs/lib/liblibs_debug.a(assert.o)
                0xffffffff88242131                Assert
 .text.Buffer_Query
                0xffffffff88242150       0x8c /home/johhn/桌面/sdk_test/GPRS_C_SDK/build/gps/libs/lib/liblibs_debug.a(buffer.o)
                0xffffffff88242151                Buffer_Query
 .text.Buffer_Size
                0xffffffff882421dc       0x18 /home/johhn/桌面/sdk_test/GPRS_C_SDK/build/gps/libs/lib/liblibs_debug.a(buffer.o)
                0xffffffff882421dd                Buffer_Size
 .text.Buffer_Gets
                0xffffffff882421f4       0x54 /home/johhn/桌面/sdk_test/GPRS_C_SDK/build/gps/libs/lib/liblibs_debug.a(buffer.o)
                0xffffffff882421f5                Buffer_Gets
 .text.Buffer_Puts
                0xffffffff88242248       0x58 /home/johhn/桌面/sdk_test/GPRS_C_SDK/build/gps/libs/lib/liblibs_debug.a(buffer.o)
                0xffffffff88242249                Buffer_Puts
 .text.Buffer_Size2
                0xffffffff882422a0       0x14 /home/johhn/桌面/sdk_test/GPRS_C_SDK/build/gps/libs/lib/liblibs_debug.a(buffer.o)
                0xffffffff882422a1                Buffer_Size2
 .text.Buffer_Clear
                0xffffffff882422b4        0x8 /home/johhn/桌面/sdk_test/GPRS_C_SDK/build/gps/libs/lib/liblibs_debug.a(buffer.o)
                0xffffffff882422b5                Buffer_Clear
 .text.Buffer_StartPostion
                0xffffffff882422bc       0x14 /home/johhn/桌面/sdk_test/GPRS_C_SDK/build/gps/libs/lib/liblibs_debug.a(buffer.o)
                0xffffffff882422bd                Buffer_StartPostion
 .text.Buffer_Init
                0xffffffff882422d0       0x28 /home/johhn/桌面/sdk_test/GPRS_C_SDK/build/gps/libs/lib/liblibs_debug.a(buffer.o)
                0xffffffff882422d1                Buffer_Init
 *(.stub .gnu.linkonce.t.*)
                0xffffffff88242300                . = ALIGN (0x20)
 *fill*         0xffffffff882422f8        0x8 00

.cust_rodata    0xffffffff88242300      0x520
 *(.rdata)
 *(.rodata)
 .rodata        0xffffffff88242300       0x18 /home/johhn/桌面/sdk_test/GPRS_C_SDK/platform/lib/gcc/mips-elf/4.4.2/libgcc.a(_thenan_df.o)
                0xffffffff88242300                __thenan_df
 .rodata        0xffffffff88242318      0x100 /home/johhn/桌面/sdk_test/GPRS_C_SDK/platform/lib/gcc/mips-elf/4.4.2/libgcc.a(_clz.o)
                0xffffffff88242318                __clz_tab
 *(.rodata.*)
 .rodata.str1.4
                0xffffffff88242418      0x211 /home/johhn/桌面/sdk_test/GPRS_C_SDK/build/gps/demo/gps/lib/libgps_debug.a(demo_gps.o)
                                        0x214 (size before relaxing)
 *fill*         0xffffffff88242629        0x3 00
 .rodata.str1.4
                0xffffffff8824262c      0x147 /home/johhn/桌面/sdk_test/GPRS_C_SDK/build/gps/libs/lib/liblibs_debug.a(gps.o)
                                        0x150 (size before relaxing)
 *fill*         0xffffffff88242773        0x1 00
 .rodata.GPS_CMD_BINARY_HEADER
                0xffffffff88242774        0x4 /home/johhn/桌面/sdk_test/GPRS_C_SDK/build/gps/libs/lib/liblibs_debug.a(gps.o)
                0xffffffff88242774                GPS_CMD_BINARY_HEADER
 .rodata.Hex_Str
                0xffffffff88242778       0x10 /home/johhn/桌面/sdk_test/GPRS_C_SDK/build/gps/libs/lib/liblibs_debug.a(gps.o)
                0xffffffff88242778                Hex_Str
 .rodata.str1.4
                0x0000000000000000        0x4 /home/johhn/桌面/sdk_test/GPRS_C_SDK/build/gps/libs/lib/liblibs_debug.a(gps_parse.o)
 .rodata.str1.4
                0xffffffff88242788       0x98 /home/johhn/桌面/sdk_test/GPRS_C_SDK/build/gps/libs/lib/liblibs_debug.a(minmea.o)
                                         0xa4 (size before relaxing)
 *(.rodata.*_png)
 *(.gnu.linkonce.r.*)
 *(.rodata1)
 *(.roresdata)
 *(.robsdata)
                0xffffffff88242820                . = ALIGN (0x20)
                0xffffffff88242820                __user_rw_lma = .
                0x0000000000002820                __rom_size = (__user_rw_lma - __rom_start)
                0xffffffff82300000                . = 0xffffffff82300000

.cust_data      0xffffffff82300000       0x10 load address 0xffffffff88242820
                0xffffffff82300000                __user_rw_start = .
 *(.data)
 *(.data.*)
 .data.isGpsOn  0xffffffff82300000        0x1 /home/johhn/桌面/sdk_test/GPRS_C_SDK/build/gps/demo/gps/lib/libgps_debug.a(demo_gps.o)
                0xffffffff82300000                isGpsOn
 .data.flag_old.4059
                0xffffffff82300001        0x1 /home/johhn/桌面/sdk_test/GPRS_C_SDK/build/gps/libs/lib/liblibs_debug.a(gps_parse.o)
 *(.gnu.linkonce.d.*)
 *(.sdata .sdata.* .gnu.linkonce.s.*)
 *(.sdata2 .sdata2.* .gnu.linkonce.s2.*)
                0xffffffff82300010                . = ALIGN (0x10)
 *fill*         0xffffffff82300002        0xe 00
                0xffffffff82300010                __user_rw_end = .
                0x0000000000000010                __user_rw_size = (__user_rw_end - __user_rw_start)
                0xffffffff82300010                __user_bss_start = .

.cust_bss       0xffffffff82300010     0x1420
 *(.sbss .sbss.* .gnu.linkonce.sb.*)
 *(.sbss2 .sbss2.* .gnu.linkonce.sb2.*)
 *(.scommon)
 .scommon       0xffffffff82300010        0x4 /home/johhn/桌面/sdk_test/GPRS_C_SDK/build/gps/init/lib/libinit_debug.a(sdk_init.o)
                0xffffffff82300010                temp000___
 *(.dynbss)
 *(.bss .bss.* .gnu.linkonce.b.*)
 .bss.g_InterfaceVtbl
                0xffffffff82300014        0x4 /home/johhn/桌面/sdk_test/GPRS_C_SDK/build/gps/init/lib/libinit_debug.a(sdk_init.o)
                0xffffffff82300014                g_InterfaceVtbl
 .bss.flag      0xffffffff82300018        0x1 /home/johhn/桌面/sdk_test/GPRS_C_SDK/build/gps/demo/gps/lib/libgps_debug.a(demo_gps.o)
                0xffffffff82300018                flag
 *fill*         0xffffffff82300019        0x3 00
 .bss.gpsTaskHandle
                0xffffffff8230001c        0x4 /home/johhn/桌面/sdk_test/GPRS_C_SDK/build/gps/demo/gps/lib/libgps_debug.a(demo_gps.o)
 .bss.gpsAckMsg
                0xffffffff82300020        0x4 /home/johhn/桌面/sdk_test/GPRS_C_SDK/build/gps/libs/lib/liblibs_debug.a(gps.o)
 .bss.isCmdSendTimeOut
                0xffffffff82300024        0x1 /home/johhn/桌面/sdk_test/GPRS_C_SDK/build/gps/libs/lib/liblibs_debug.a(gps.o)
 *fill*         0xffffffff82300025        0x3 00
 .bss.semCmdSending
                0xffffffff82300028        0x4 /home/johhn/桌面/sdk_test/GPRS_C_SDK/build/gps/libs/lib/liblibs_debug.a(gps.o)
 .bss.isSaveLog
                0xffffffff8230002c        0x1 /home/johhn/桌面/sdk_test/GPRS_C_SDK/build/gps/libs/lib/liblibs_debug.a(gps.o)
 *fill*         0xffffffff8230002d        0x3 00
 .bss.gpsLogPath
                0xffffffff82300030        0x4 /home/johhn/桌面/sdk_test/GPRS_C_SDK/build/gps/libs/lib/liblibs_debug.a(gps.o)
 .bss.tmp       0xffffffff82300034      0x404 /home/johhn/桌面/sdk_test/GPRS_C_SDK/build/gps/libs/lib/liblibs_debug.a(gps.o)
 .bss.gpsNmeaBuffer
                0xffffffff82300438        0xc /home/johhn/桌面/sdk_test/GPRS_C_SDK/build/gps/libs/lib/liblibs_debug.a(gps.o)
 .bss.gpsDataBuffer
                0xffffffff82300444      0x800 /home/johhn/桌面/sdk_test/GPRS_C_SDK/build/gps/libs/lib/liblibs_debug.a(gps.o)
 .bss.flag.4129
                0xffffffff82300c44        0x1 /home/johhn/桌面/sdk_test/GPRS_C_SDK/build/gps/libs/lib/liblibs_debug.a(gps_parse.o)
 .bss.gsa_count.4061
                0xffffffff82300c45        0x1 /home/johhn/桌面/sdk_test/GPRS_C_SDK/build/gps/libs/lib/liblibs_debug.a(gps_parse.o)
 .bss.gsv_count.4060
                0xffffffff82300c46        0x1 /home/johhn/桌面/sdk_test/GPRS_C_SDK/build/gps/libs/lib/liblibs_debug.a(gps_parse.o)
 *(COMMON)
 *fill*         0xffffffff82300c47        0x1 00
 COMMON         0xffffffff82300c48      0x7dc /home/johhn/桌面/sdk_test/GPRS_C_SDK/build/gps/libs/lib/liblibs_debug.a(gps_parse.o)
                0xffffffff82300c48                g_gps_info
 *(.rambss)
                0xffffffff82301430                . = ALIGN (0x10)
 *fill*         0xffffffff82301424        0xc 00
                0xffffffff82301430                __user_bss_end = .
                0x0000000000001420                __user_bss_size = (__user_bss_end - __user_bss_start)

.stab
 *(.stab)

.stabstr
 *(.stabstr)

.stab.excl
 *(.stab.excl)

.stab.exclstr
 *(.stab.exclstr)

.stab.index
 *(.stab.index)

.stab.indexstr
 *(.stab.indexstr)

.reginfo        0x0000000000000000       0x18
 .reginfo       0x0000000000000000       0x18 /home/johhn/桌面/sdk_test/GPRS_C_SDK/build/gps/init/lib/libinit_debug.a(sdk_init.o)

.mdebug.abi32   0x0000000000000000        0x0
 .mdebug.abi32  0x0000000000000000        0x0 /home/johhn/桌面/sdk_test/GPRS_C_SDK/build/gps/init/lib/libinit_debug.a(sdk_init.o)
 .mdebug.abi32  0x0000000000000000        0x0 /home/johhn/桌面/sdk_test/GPRS_C_SDK/build/gps/demo/gps/lib/libgps_debug.a(demo_gps.o)
 .mdebug.abi32  0x0000000000000000        0x0 /home/johhn/桌面/sdk_test/GPRS_C_SDK/build/gps/libs/lib/liblibs_debug.a(gps.o)
 .mdebug.abi32  0x0000000000000000        0x0 /home/johhn/桌面/sdk_test/GPRS_C_SDK/build/gps/libs/lib/liblibs_debug.a(gps_parse.o)
 .mdebug.abi32  0x0000000000000000        0x0 /home/johhn/桌面/sdk_test/GPRS_C_SDK/build/gps/libs/lib/liblibs_debug.a(minmea.o)
 .mdebug.abi32  0x0000000000000000        0x0 /home/johhn/桌面/sdk_test/GPRS_C_SDK/build/gps/libs/lib/liblibs_debug.a(assert.o)
 .mdebug.abi32  0x0000000000000000        0x0 /home/johhn/桌面/sdk_test/GPRS_C_SDK/build/gps/libs/lib/liblibs_debug.a(buffer.o)
 .mdebug.abi32  0x0000000000000000        0x0 /home/johhn/桌面/sdk_test/GPRS_C_SDK/platform/lib/gcc/mips-elf/4.4.2/libgcc.a(_sf_to_df.o)
 .mdebug.abi32  0x0000000000000000        0x0 /home/johhn/桌面/sdk_test/GPRS_C_SDK/platform/lib/gcc/mips-elf/4.4.2/libgcc.a(_addsub_df.o)
 .mdebug.abi32  0x0000000000000000        0x0 /home/johhn/桌面/sdk_test/GPRS_C_SDK/platform/lib/gcc/mips-elf/4.4.2/libgcc.a(_div_df.o)
 .mdebug.abi32  0x0000000000000000        0x0 /home/johhn/桌面/sdk_test/GPRS_C_SDK/platform/lib/gcc/mips-elf/4.4.2/libgcc.a(_si_to_df.o)
 .mdebug.abi32  0x0000000000000000        0x0 /home/johhn/桌面/sdk_test/GPRS_C_SDK/platform/lib/gcc/mips-elf/4.4.2/libgcc.a(_make_df.o)
 .mdebug.abi32  0x0000000000000000        0x0 /home/johhn/桌面/sdk_test/GPRS_C_SDK/platform/lib/gcc/mips-elf/4.4.2/libgcc.a(_thenan_df.o)
 .mdebug.abi32  0x0000000000000000        0x0 /home/johhn/桌面/sdk_test/GPRS_C_SDK/platform/lib/gcc/mips-elf/4.4.2/libgcc.a(_lshrdi3.o)
 .mdebug.abi32  0x0000000000000000        0x0 /home/johhn/桌面/sdk_test/GPRS_C_SDK/platform/lib/gcc/mips-elf/4.4.2/libgcc.a(_ashldi3.o)
 .mdebug.abi32  0x0000000000000000        0x0 /home/johhn/桌面/sdk_test/GPRS_C_SDK/platform/lib/gcc/mips-elf/4.4.2/libgcc.a(_ucmpdi2.o)
 .mdebug.abi32  0x0000000000000000        0x0 /home/johhn/桌面/sdk_test/GPRS_C_SDK/platform/lib/gcc/mips-elf/4.4.2/libgcc.a(_clzsi2.o)
 .mdebug.abi32  0x0000000000000000        0x0 /home/johhn/桌面/sdk_test/GPRS_C_SDK/platform/lib/gcc/mips-elf/4.4.2/libgcc.a(_unpack_sf.o)
 .mdebug.abi32  0x0000000000000000        0x0 /home/johhn/桌面/sdk_test/GPRS_C_SDK/platform/lib/gcc/mips-elf/4.4.2/libgcc.a(_pack_df.o)
 .mdebug.abi32  0x0000000000000000        0x0 /home/johhn/桌面/sdk_test/GPRS_C_SDK/platform/lib/gcc/mips-elf/4.4.2/libgcc.a(_unpack_df.o)
 .mdebug.abi32  0x0000000000000000        0x0 /home/johhn/桌面/sdk_test/GPRS_C_SDK/platform/lib/gcc/mips-elf/4.4.2/libgcc.a(_clz.o)

.gnu.attributes
                0x0000000000000000       0x10
 .gnu.attributes
                0x0000000000000000       0x10 /home/johhn/桌面/sdk_test/GPRS_C_SDK/build/gps/init/lib/libinit_debug.a(sdk_init.o)
 .gnu.attributes
                0x0000000000000010       0x10 /home/johhn/桌面/sdk_test/GPRS_C_SDK/build/gps/demo/gps/lib/libgps_debug.a(demo_gps.o)
 .gnu.attributes
                0x0000000000000020       0x10 /home/johhn/桌面/sdk_test/GPRS_C_SDK/build/gps/libs/lib/liblibs_debug.a(gps.o)
 .gnu.attributes
                0x0000000000000030       0x10 /home/johhn/桌面/sdk_test/GPRS_C_SDK/build/gps/libs/lib/liblibs_debug.a(gps_parse.o)
 .gnu.attributes
                0x0000000000000040       0x10 /home/johhn/桌面/sdk_test/GPRS_C_SDK/build/gps/libs/lib/liblibs_debug.a(minmea.o)
 .gnu.attributes
                0x0000000000000050       0x10 /home/johhn/桌面/sdk_test/GPRS_C_SDK/build/gps/libs/lib/liblibs_debug.a(assert.o)
 .gnu.attributes
                0x0000000000000060       0x10 /home/johhn/桌面/sdk_test/GPRS_C_SDK/build/gps/libs/lib/liblibs_debug.a(buffer.o)
 .gnu.attributes
                0x0000000000000070       0x10 /home/johhn/桌面/sdk_test/GPRS_C_SDK/platform/lib/gcc/mips-elf/4.4.2/libgcc.a(_sf_to_df.o)
 .gnu.attributes
                0x0000000000000080       0x10 /home/johhn/桌面/sdk_test/GPRS_C_SDK/platform/lib/gcc/mips-elf/4.4.2/libgcc.a(_addsub_df.o)
 .gnu.attributes
                0x0000000000000090       0x10 /home/johhn/桌面/sdk_test/GPRS_C_SDK/platform/lib/gcc/mips-elf/4.4.2/libgcc.a(_div_df.o)
 .gnu.attributes
                0x00000000000000a0       0x10 /home/johhn/桌面/sdk_test/GPRS_C_SDK/platform/lib/gcc/mips-elf/4.4.2/libgcc.a(_si_to_df.o)
 .gnu.attributes
                0x00000000000000b0       0x10 /home/johhn/桌面/sdk_test/GPRS_C_SDK/platform/lib/gcc/mips-elf/4.4.2/libgcc.a(_make_df.o)
 .gnu.attributes
                0x00000000000000c0       0x10 /home/johhn/桌面/sdk_test/GPRS_C_SDK/platform/lib/gcc/mips-elf/4.4.2/libgcc.a(_thenan_df.o)
 .gnu.attributes
                0x00000000000000d0       0x10 /home/johhn/桌面/sdk_test/GPRS_C_SDK/platform/lib/gcc/mips-elf/4.4.2/libgcc.a(_lshrdi3.o)
 .gnu.attributes
                0x00000000000000e0       0x10 /home/johhn/桌面/sdk_test/GPRS_C_SDK/platform/lib/gcc/mips-elf/4.4.2/libgcc.a(_ashldi3.o)
 .gnu.attributes
                0x00000000000000f0       0x10 /home/johhn/桌面/sdk_test/GPRS_C_SDK/platform/lib/gcc/mips-elf/4.4.2/libgcc.a(_ucmpdi2.o)
 .gnu.attributes
                0x0000000000000100       0x10 /home/johhn/桌面/sdk_test/GPRS_C_SDK/platform/lib/gcc/mips-elf/4.4.2/libgcc.a(_clzsi2.o)
 .gnu.attributes
                0x0000000000000110       0x10 /home/johhn/桌面/sdk_test/GPRS_C_SDK/platform/lib/gcc/mips-elf/4.4.2/libgcc.a(_unpack_sf.o)
 .gnu.attributes
                0x0000000000000120       0x10 /home/johhn/桌面/sdk_test/GPRS_C_SDK/platform/lib/gcc/mips-elf/4.4.2/libgcc.a(_pack_df.o)
 .gnu.attributes
                0x0000000000000130       0x10 /home/johhn/桌面/sdk_test/GPRS_C_SDK/platform/lib/gcc/mips-elf/4.4.2/libgcc.a(_unpack_df.o)
 .gnu.attributes
                0x0000000000000140       0x10 /home/johhn/桌面/sdk_test/GPRS_C_SDK/platform/lib/gcc/mips-elf/4.4.2/libgcc.a(_clz.o)

.pdr            0x0000000000000000        0x0
 .pdr           0x0000000000000000        0x0 /home/johhn/桌面/sdk_test/GPRS_C_SDK/platform/lib/gcc/mips-elf/4.4.2/libgcc.a(_thenan_df.o)
 .pdr           0x0000000000000000        0x0 /home/johhn/桌面/sdk_test/GPRS_C_SDK/platform/lib/gcc/mips-elf/4.4.2/libgcc.a(_clz.o)

.comment        0x0000000000000000       0x31
 *(.comment)
 .comment       0x0000000000000000       0x31 /home/johhn/桌面/sdk_test/GPRS_C_SDK/build/gps/init/lib/libinit_debug.a(sdk_init.o)
                                         0x32 (size before relaxing)
 .comment       0x0000000000000000       0x32 /home/johhn/桌面/sdk_test/GPRS_C_SDK/build/gps/demo/gps/lib/libgps_debug.a(demo_gps.o)
 .comment       0x0000000000000000       0x32 /home/johhn/桌面/sdk_test/GPRS_C_SDK/build/gps/libs/lib/liblibs_debug.a(gps.o)
 .comment       0x0000000000000000       0x32 /home/johhn/桌面/sdk_test/GPRS_C_SDK/build/gps/libs/lib/liblibs_debug.a(gps_parse.o)
 .comment       0x0000000000000000       0x32 /home/johhn/桌面/sdk_test/GPRS_C_SDK/build/gps/libs/lib/liblibs_debug.a(minmea.o)
 .comment       0x0000000000000000       0x32 /home/johhn/桌面/sdk_test/GPRS_C_SDK/build/gps/libs/lib/liblibs_debug.a(assert.o)
 .comment       0x0000000000000000       0x32 /home/johhn/桌面/sdk_test/GPRS_C_SDK/build/gps/libs/lib/liblibs_debug.a(buffer.o)
 .comment       0x0000000000000000       0x32 /home/johhn/桌面/sdk_test/GPRS_C_SDK/platform/lib/gcc/mips-elf/4.4.2/libgcc.a(_sf_to_df.o)
 .comment       0x0000000000000000       0x32 /home/johhn/桌面/sdk_test/GPRS_C_SDK/platform/lib/gcc/mips-elf/4.4.2/libgcc.a(_addsub_df.o)
 .comment       0x0000000000000000       0x32 /home/johhn/桌面/sdk_test/GPRS_C_SDK/platform/lib/gcc/mips-elf/4.4.2/libgcc.a(_div_df.o)
 .comment       0x0000000000000000       0x32 /home/johhn/桌面/sdk_test/GPRS_C_SDK/platform/lib/gcc/mips-elf/4.4.2/libgcc.a(_si_to_df.o)
 .comment       0x0000000000000000       0x32 /home/johhn/桌面/sdk_test/GPRS_C_SDK/platform/lib/gcc/mips-elf/4.4.2/libgcc.a(_make_df.o)
 .comment       0x0000000000000000       0x32 /home/johhn/桌面/sdk_test/GPRS_C_SDK/platform/lib/gcc/mips-elf/4.4.2/libgcc.a(_thenan_df.o)
 .comment       0x0000000000000000       0x32 /home/johhn/桌面/sdk_test/GPRS_C_SDK/platform/lib/gcc/mips-elf/4.4.2/libgcc.a(_lshrdi3.o)
 .comment       0x0000000000000000       0x32 /home/johhn/桌面/sdk_test/GPRS_C_SDK/platform/lib/gcc/mips-elf/4.4.2/libgcc.a(_ashldi3.o)
 .comment       0x0000000000000000       0x32 /home/johhn/桌面/sdk_test/GPRS_C_SDK/platform/lib/gcc/mips-elf/4.4.2/libgcc.a(_ucmpdi2.o)
 .comment       0x0000000000000000       0x32 /home/johhn/桌面/sdk_test/GPRS_C_SDK/platform/lib/gcc/mips-elf/4.4.2/libgcc.a(_clzsi2.o)
 .comment       0x0000000000000000       0x32 /home/johhn/桌面/sdk_test/GPRS_C_SDK/platform/lib/gcc/mips-elf/4.4.2/libgcc.a(_unpack_sf.o)
 .comment       0x0000000000000000       0x32 /home/johhn/桌面/sdk_test/GPRS_C_SDK/platform/lib/gcc/mips-elf/4.4.2/libgcc.a(_pack_df.o)
 .comment       0x0000000000000000       0x32 /home/johhn/桌面/sdk_test/GPRS_C_SDK/platform/lib/gcc/mips-elf/4.4.2/libgcc.a(_unpack_df.o)
 .comment       0x0000000000000000       0x32 /home/johhn/桌面/sdk_test/GPRS_C_SDK/platform/lib/gcc/mips-elf/4.4.2/libgcc.a(_clz.o)

.debug
 *(.debug)

.line
 *(.line)

.debug_srcinfo
 *(.debug_srcinfo)

.debug_sfnames
 *(.debug_sfnames)

.debug_aranges  0x0000000000000000      0x458
 *(.debug_aranges)
 .debug_aranges
                0x0000000000000000       0x28 /home/johhn/桌面/sdk_test/GPRS_C_SDK/build/gps/init/lib/libinit_debug.a(sdk_init.o)
 .debug_aranges
                0x0000000000000028       0x38 /home/johhn/桌面/sdk_test/GPRS_C_SDK/build/gps/demo/gps/lib/libgps_debug.a(demo_gps.o)
 .debug_aranges
                0x0000000000000060      0x140 /home/johhn/桌面/sdk_test/GPRS_C_SDK/build/gps/libs/lib/liblibs_debug.a(gps.o)
 .debug_aranges
                0x00000000000001a0       0x30 /home/johhn/桌面/sdk_test/GPRS_C_SDK/build/gps/libs/lib/liblibs_debug.a(gps_parse.o)
 .debug_aranges
                0x00000000000001d0       0x90 /home/johhn/桌面/sdk_test/GPRS_C_SDK/build/gps/libs/lib/liblibs_debug.a(minmea.o)
 .debug_aranges
                0x0000000000000260       0x20 /home/johhn/桌面/sdk_test/GPRS_C_SDK/build/gps/libs/lib/liblibs_debug.a(assert.o)
 .debug_aranges
                0x0000000000000280       0x58 /home/johhn/桌面/sdk_test/GPRS_C_SDK/build/gps/libs/lib/liblibs_debug.a(buffer.o)
 .debug_aranges
                0x00000000000002d8       0x20 /home/johhn/桌面/sdk_test/GPRS_C_SDK/platform/lib/gcc/mips-elf/4.4.2/libgcc.a(_sf_to_df.o)
 .debug_aranges
                0x00000000000002f8       0x20 /home/johhn/桌面/sdk_test/GPRS_C_SDK/platform/lib/gcc/mips-elf/4.4.2/libgcc.a(_addsub_df.o)
 .debug_aranges
                0x0000000000000318       0x20 /home/johhn/桌面/sdk_test/GPRS_C_SDK/platform/lib/gcc/mips-elf/4.4.2/libgcc.a(_div_df.o)
 .debug_aranges
                0x0000000000000338       0x20 /home/johhn/桌面/sdk_test/GPRS_C_SDK/platform/lib/gcc/mips-elf/4.4.2/libgcc.a(_si_to_df.o)
 .debug_aranges
                0x0000000000000358       0x20 /home/johhn/桌面/sdk_test/GPRS_C_SDK/platform/lib/gcc/mips-elf/4.4.2/libgcc.a(_make_df.o)
 .debug_aranges
                0x0000000000000378       0x20 /home/johhn/桌面/sdk_test/GPRS_C_SDK/platform/lib/gcc/mips-elf/4.4.2/libgcc.a(_lshrdi3.o)
 .debug_aranges
                0x0000000000000398       0x20 /home/johhn/桌面/sdk_test/GPRS_C_SDK/platform/lib/gcc/mips-elf/4.4.2/libgcc.a(_ashldi3.o)
 .debug_aranges
                0x00000000000003b8       0x20 /home/johhn/桌面/sdk_test/GPRS_C_SDK/platform/lib/gcc/mips-elf/4.4.2/libgcc.a(_ucmpdi2.o)
 .debug_aranges
                0x00000000000003d8       0x20 /home/johhn/桌面/sdk_test/GPRS_C_SDK/platform/lib/gcc/mips-elf/4.4.2/libgcc.a(_clzsi2.o)
 .debug_aranges
                0x00000000000003f8       0x20 /home/johhn/桌面/sdk_test/GPRS_C_SDK/platform/lib/gcc/mips-elf/4.4.2/libgcc.a(_unpack_sf.o)
 .debug_aranges
                0x0000000000000418       0x20 /home/johhn/桌面/sdk_test/GPRS_C_SDK/platform/lib/gcc/mips-elf/4.4.2/libgcc.a(_pack_df.o)
 .debug_aranges
                0x0000000000000438       0x20 /home/johhn/桌面/sdk_test/GPRS_C_SDK/platform/lib/gcc/mips-elf/4.4.2/libgcc.a(_unpack_df.o)

.debug_pubnames
                0x0000000000000000      0x7c6
 *(.debug_pubnames)
 .debug_pubnames
                0x0000000000000000       0x51 /home/johhn/桌面/sdk_test/GPRS_C_SDK/build/gps/init/lib/libinit_debug.a(sdk_init.o)
 .debug_pubnames
                0x0000000000000051       0x70 /home/johhn/桌面/sdk_test/GPRS_C_SDK/build/gps/demo/gps/lib/libgps_debug.a(demo_gps.o)
 .debug_pubnames
                0x00000000000000c1      0x2fa /home/johhn/桌面/sdk_test/GPRS_C_SDK/build/gps/libs/lib/liblibs_debug.a(gps.o)
 .debug_pubnames
                0x00000000000003bb       0x50 /home/johhn/桌面/sdk_test/GPRS_C_SDK/build/gps/libs/lib/liblibs_debug.a(gps_parse.o)
 .debug_pubnames
                0x000000000000040b      0x12e /home/johhn/桌面/sdk_test/GPRS_C_SDK/build/gps/libs/lib/liblibs_debug.a(minmea.o)
 .debug_pubnames
                0x0000000000000539       0x1d /home/johhn/桌面/sdk_test/GPRS_C_SDK/build/gps/libs/lib/liblibs_debug.a(assert.o)
 .debug_pubnames
                0x0000000000000556       0x9d /home/johhn/桌面/sdk_test/GPRS_C_SDK/build/gps/libs/lib/liblibs_debug.a(buffer.o)
 .debug_pubnames
                0x00000000000005f3       0x24 /home/johhn/桌面/sdk_test/GPRS_C_SDK/platform/lib/gcc/mips-elf/4.4.2/libgcc.a(_sf_to_df.o)
 .debug_pubnames
                0x0000000000000617       0x2c /home/johhn/桌面/sdk_test/GPRS_C_SDK/platform/lib/gcc/mips-elf/4.4.2/libgcc.a(_addsub_df.o)
 .debug_pubnames
                0x0000000000000643       0x1f /home/johhn/桌面/sdk_test/GPRS_C_SDK/platform/lib/gcc/mips-elf/4.4.2/libgcc.a(_div_df.o)
 .debug_pubnames
                0x0000000000000662       0x22 /home/johhn/桌面/sdk_test/GPRS_C_SDK/platform/lib/gcc/mips-elf/4.4.2/libgcc.a(_si_to_df.o)
 .debug_pubnames
                0x0000000000000684       0x20 /home/johhn/桌面/sdk_test/GPRS_C_SDK/platform/lib/gcc/mips-elf/4.4.2/libgcc.a(_make_df.o)
 .debug_pubnames
                0x00000000000006a4       0x22 /home/johhn/桌面/sdk_test/GPRS_C_SDK/platform/lib/gcc/mips-elf/4.4.2/libgcc.a(_thenan_df.o)
 .debug_pubnames
                0x00000000000006c6       0x20 /home/johhn/桌面/sdk_test/GPRS_C_SDK/platform/lib/gcc/mips-elf/4.4.2/libgcc.a(_lshrdi3.o)
 .debug_pubnames
                0x00000000000006e6       0x20 /home/johhn/桌面/sdk_test/GPRS_C_SDK/platform/lib/gcc/mips-elf/4.4.2/libgcc.a(_ashldi3.o)
 .debug_pubnames
                0x0000000000000706       0x20 /home/johhn/桌面/sdk_test/GPRS_C_SDK/platform/lib/gcc/mips-elf/4.4.2/libgcc.a(_ucmpdi2.o)
 .debug_pubnames
                0x0000000000000726       0x1f /home/johhn/桌面/sdk_test/GPRS_C_SDK/platform/lib/gcc/mips-elf/4.4.2/libgcc.a(_clzsi2.o)
 .debug_pubnames
                0x0000000000000745       0x21 /home/johhn/桌面/sdk_test/GPRS_C_SDK/platform/lib/gcc/mips-elf/4.4.2/libgcc.a(_unpack_sf.o)
 .debug_pubnames
                0x0000000000000766       0x1f /home/johhn/桌面/sdk_test/GPRS_C_SDK/platform/lib/gcc/mips-elf/4.4.2/libgcc.a(_pack_df.o)
 .debug_pubnames
                0x0000000000000785       0x21 /home/johhn/桌面/sdk_test/GPRS_C_SDK/platform/lib/gcc/mips-elf/4.4.2/libgcc.a(_unpack_df.o)
 .debug_pubnames
                0x00000000000007a6       0x20 /home/johhn/桌面/sdk_test/GPRS_C_SDK/platform/lib/gcc/mips-elf/4.4.2/libgcc.a(_clz.o)

.debug_info     0x0000000000000000    0x1ed20
 *(.debug_info .gnu.linkonce.wi.*)
 .debug_info    0x0000000000000000     0x52cc /home/johhn/桌面/sdk_test/GPRS_C_SDK/build/gps/init/lib/libinit_debug.a(sdk_init.o)
 .debug_info    0x00000000000052cc     0x5a6c /home/johhn/桌面/sdk_test/GPRS_C_SDK/build/gps/demo/gps/lib/libgps_debug.a(demo_gps.o)
 .debug_info    0x000000000000ad38     0x64b0 /home/johhn/桌面/sdk_test/GPRS_C_SDK/build/gps/libs/lib/liblibs_debug.a(gps.o)
 .debug_info    0x00000000000111e8      0x768 /home/johhn/桌面/sdk_test/GPRS_C_SDK/build/gps/libs/lib/liblibs_debug.a(gps_parse.o)
 .debug_info    0x0000000000011950     0x6075 /home/johhn/桌面/sdk_test/GPRS_C_SDK/build/gps/libs/lib/liblibs_debug.a(minmea.o)
 .debug_info    0x00000000000179c5     0x5203 /home/johhn/桌面/sdk_test/GPRS_C_SDK/build/gps/libs/lib/liblibs_debug.a(assert.o)
 .debug_info    0x000000000001cbc8      0x35b /home/johhn/桌面/sdk_test/GPRS_C_SDK/build/gps/libs/lib/liblibs_debug.a(buffer.o)
 .debug_info    0x000000000001cf23      0x241 /home/johhn/桌面/sdk_test/GPRS_C_SDK/platform/lib/gcc/mips-elf/4.4.2/libgcc.a(_sf_to_df.o)
 .debug_info    0x000000000001d164      0x48e /home/johhn/桌面/sdk_test/GPRS_C_SDK/platform/lib/gcc/mips-elf/4.4.2/libgcc.a(_addsub_df.o)
 .debug_info    0x000000000001d5f2      0x39e /home/johhn/桌面/sdk_test/GPRS_C_SDK/platform/lib/gcc/mips-elf/4.4.2/libgcc.a(_div_df.o)
 .debug_info    0x000000000001d990      0x214 /home/johhn/桌面/sdk_test/GPRS_C_SDK/platform/lib/gcc/mips-elf/4.4.2/libgcc.a(_si_to_df.o)
 .debug_info    0x000000000001dba4      0x1d3 /home/johhn/桌面/sdk_test/GPRS_C_SDK/platform/lib/gcc/mips-elf/4.4.2/libgcc.a(_make_df.o)
 .debug_info    0x000000000001dd77      0x160 /home/johhn/桌面/sdk_test/GPRS_C_SDK/platform/lib/gcc/mips-elf/4.4.2/libgcc.a(_thenan_df.o)
 .debug_info    0x000000000001ded7      0x19b /home/johhn/桌面/sdk_test/GPRS_C_SDK/platform/lib/gcc/mips-elf/4.4.2/libgcc.a(_lshrdi3.o)
 .debug_info    0x000000000001e072      0x19f /home/johhn/桌面/sdk_test/GPRS_C_SDK/platform/lib/gcc/mips-elf/4.4.2/libgcc.a(_ashldi3.o)
 .debug_info    0x000000000001e211      0x160 /home/johhn/桌面/sdk_test/GPRS_C_SDK/platform/lib/gcc/mips-elf/4.4.2/libgcc.a(_ucmpdi2.o)
 .debug_info    0x000000000001e371      0x132 /home/johhn/桌面/sdk_test/GPRS_C_SDK/platform/lib/gcc/mips-elf/4.4.2/libgcc.a(_clzsi2.o)
 .debug_info    0x000000000001e4a3      0x25a /home/johhn/桌面/sdk_test/GPRS_C_SDK/platform/lib/gcc/mips-elf/4.4.2/libgcc.a(_unpack_sf.o)
 .debug_info    0x000000000001e6fd      0x2f8 /home/johhn/桌面/sdk_test/GPRS_C_SDK/platform/lib/gcc/mips-elf/4.4.2/libgcc.a(_pack_df.o)
 .debug_info    0x000000000001e9f5      0x266 /home/johhn/桌面/sdk_test/GPRS_C_SDK/platform/lib/gcc/mips-elf/4.4.2/libgcc.a(_unpack_df.o)
 .debug_info    0x000000000001ec5b       0xc5 /home/johhn/桌面/sdk_test/GPRS_C_SDK/platform/lib/gcc/mips-elf/4.4.2/libgcc.a(_clz.o)

.debug_abbrev   0x0000000000000000     0x22a7
 *(.debug_abbrev)
 .debug_abbrev  0x0000000000000000      0x24b /home/johhn/桌面/sdk_test/GPRS_C_SDK/build/gps/init/lib/libinit_debug.a(sdk_init.o)
 .debug_abbrev  0x000000000000024b      0x2d6 /home/johhn/桌面/sdk_test/GPRS_C_SDK/build/gps/demo/gps/lib/libgps_debug.a(demo_gps.o)
 .debug_abbrev  0x0000000000000521      0x4ac /home/johhn/桌面/sdk_test/GPRS_C_SDK/build/gps/libs/lib/liblibs_debug.a(gps.o)
 .debug_abbrev  0x00000000000009cd      0x14e /home/johhn/桌面/sdk_test/GPRS_C_SDK/build/gps/libs/lib/liblibs_debug.a(gps_parse.o)
 .debug_abbrev  0x0000000000000b1b      0x3cb /home/johhn/桌面/sdk_test/GPRS_C_SDK/build/gps/libs/lib/liblibs_debug.a(minmea.o)
 .debug_abbrev  0x0000000000000ee6      0x21e /home/johhn/桌面/sdk_test/GPRS_C_SDK/build/gps/libs/lib/liblibs_debug.a(assert.o)
 .debug_abbrev  0x0000000000001104      0x119 /home/johhn/桌面/sdk_test/GPRS_C_SDK/build/gps/libs/lib/liblibs_debug.a(buffer.o)
 .debug_abbrev  0x000000000000121d      0x131 /home/johhn/桌面/sdk_test/GPRS_C_SDK/platform/lib/gcc/mips-elf/4.4.2/libgcc.a(_sf_to_df.o)
 .debug_abbrev  0x000000000000134e      0x1ea /home/johhn/桌面/sdk_test/GPRS_C_SDK/platform/lib/gcc/mips-elf/4.4.2/libgcc.a(_addsub_df.o)
 .debug_abbrev  0x0000000000001538      0x1dc /home/johhn/桌面/sdk_test/GPRS_C_SDK/platform/lib/gcc/mips-elf/4.4.2/libgcc.a(_div_df.o)
 .debug_abbrev  0x0000000000001714      0x148 /home/johhn/桌面/sdk_test/GPRS_C_SDK/platform/lib/gcc/mips-elf/4.4.2/libgcc.a(_si_to_df.o)
 .debug_abbrev  0x000000000000185c      0x109 /home/johhn/桌面/sdk_test/GPRS_C_SDK/platform/lib/gcc/mips-elf/4.4.2/libgcc.a(_make_df.o)
 .debug_abbrev  0x0000000000001965       0xc3 /home/johhn/桌面/sdk_test/GPRS_C_SDK/platform/lib/gcc/mips-elf/4.4.2/libgcc.a(_thenan_df.o)
 .debug_abbrev  0x0000000000001a28      0x104 /home/johhn/桌面/sdk_test/GPRS_C_SDK/platform/lib/gcc/mips-elf/4.4.2/libgcc.a(_lshrdi3.o)
 .debug_abbrev  0x0000000000001b2c       0xf7 /home/johhn/桌面/sdk_test/GPRS_C_SDK/platform/lib/gcc/mips-elf/4.4.2/libgcc.a(_ashldi3.o)
 .debug_abbrev  0x0000000000001c23       0xd0 /home/johhn/桌面/sdk_test/GPRS_C_SDK/platform/lib/gcc/mips-elf/4.4.2/libgcc.a(_ucmpdi2.o)
 .debug_abbrev  0x0000000000001cf3       0xc4 /home/johhn/桌面/sdk_test/GPRS_C_SDK/platform/lib/gcc/mips-elf/4.4.2/libgcc.a(_clzsi2.o)
 .debug_abbrev  0x0000000000001db7      0x163 /home/johhn/桌面/sdk_test/GPRS_C_SDK/platform/lib/gcc/mips-elf/4.4.2/libgcc.a(_unpack_sf.o)
 .debug_abbrev  0x0000000000001f1a      0x1c0 /home/johhn/桌面/sdk_test/GPRS_C_SDK/platform/lib/gcc/mips-elf/4.4.2/libgcc.a(_pack_df.o)
 .debug_abbrev  0x00000000000020da      0x163 /home/johhn/桌面/sdk_test/GPRS_C_SDK/platform/lib/gcc/mips-elf/4.4.2/libgcc.a(_unpack_df.o)
 .debug_abbrev  0x000000000000223d       0x6a /home/johhn/桌面/sdk_test/GPRS_C_SDK/platform/lib/gcc/mips-elf/4.4.2/libgcc.a(_clz.o)

.debug_line     0x0000000000000000     0x213b
 *(.debug_line)
 .debug_line    0x0000000000000000      0x2c9 /home/johhn/桌面/sdk_test/GPRS_C_SDK/build/gps/init/lib/libinit_debug.a(sdk_init.o)
 .debug_line    0x00000000000002c9      0x414 /home/johhn/桌面/sdk_test/GPRS_C_SDK/build/gps/demo/gps/lib/libgps_debug.a(demo_gps.o)
 .debug_line    0x00000000000006dd      0x777 /home/johhn/桌面/sdk_test/GPRS_C_SDK/build/gps/libs/lib/liblibs_debug.a(gps.o)
 .debug_line    0x0000000000000e54      0x145 /home/johhn/桌面/sdk_test/GPRS_C_SDK/build/gps/libs/lib/liblibs_debug.a(gps_parse.o)
 .debug_line    0x0000000000000f99      0x56e /home/johhn/桌面/sdk_test/GPRS_C_SDK/build/gps/libs/lib/liblibs_debug.a(minmea.o)
 .debug_line    0x0000000000001507      0x2ae /home/johhn/桌面/sdk_test/GPRS_C_SDK/build/gps/libs/lib/liblibs_debug.a(assert.o)
 .debug_line    0x00000000000017b5      0x148 /home/johhn/桌面/sdk_test/GPRS_C_SDK/build/gps/libs/lib/liblibs_debug.a(buffer.o)
 .debug_line    0x00000000000018fd       0x80 /home/johhn/桌面/sdk_test/GPRS_C_SDK/platform/lib/gcc/mips-elf/4.4.2/libgcc.a(_sf_to_df.o)
 .debug_line    0x000000000000197d      0x11b /home/johhn/桌面/sdk_test/GPRS_C_SDK/platform/lib/gcc/mips-elf/4.4.2/libgcc.a(_addsub_df.o)
 .debug_line    0x0000000000001a98       0xd4 /home/johhn/桌面/sdk_test/GPRS_C_SDK/platform/lib/gcc/mips-elf/4.4.2/libgcc.a(_div_df.o)
 .debug_line    0x0000000000001b6c       0xa5 /home/johhn/桌面/sdk_test/GPRS_C_SDK/platform/lib/gcc/mips-elf/4.4.2/libgcc.a(_si_to_df.o)
 .debug_line    0x0000000000001c11       0x84 /home/johhn/桌面/sdk_test/GPRS_C_SDK/platform/lib/gcc/mips-elf/4.4.2/libgcc.a(_make_df.o)
 .debug_line    0x0000000000001c95       0x69 /home/johhn/桌面/sdk_test/GPRS_C_SDK/platform/lib/gcc/mips-elf/4.4.2/libgcc.a(_thenan_df.o)
 .debug_line    0x0000000000001cfe       0x77 /home/johhn/桌面/sdk_test/GPRS_C_SDK/platform/lib/gcc/mips-elf/4.4.2/libgcc.a(_lshrdi3.o)
 .debug_line    0x0000000000001d75       0x79 /home/johhn/桌面/sdk_test/GPRS_C_SDK/platform/lib/gcc/mips-elf/4.4.2/libgcc.a(_ashldi3.o)
 .debug_line    0x0000000000001dee       0x6f /home/johhn/桌面/sdk_test/GPRS_C_SDK/platform/lib/gcc/mips-elf/4.4.2/libgcc.a(_ucmpdi2.o)
 .debug_line    0x0000000000001e5d       0x79 /home/johhn/桌面/sdk_test/GPRS_C_SDK/platform/lib/gcc/mips-elf/4.4.2/libgcc.a(_clzsi2.o)
 .debug_line    0x0000000000001ed6       0xab /home/johhn/桌面/sdk_test/GPRS_C_SDK/platform/lib/gcc/mips-elf/4.4.2/libgcc.a(_unpack_sf.o)
 .debug_line    0x0000000000001f81       0xbf /home/johhn/桌面/sdk_test/GPRS_C_SDK/platform/lib/gcc/mips-elf/4.4.2/libgcc.a(_pack_df.o)
 .debug_line    0x0000000000002040       0xa3 /home/johhn/桌面/sdk_test/GPRS_C_SDK/platform/lib/gcc/mips-elf/4.4.2/libgcc.a(_unpack_df.o)
 .debug_line    0x00000000000020e3       0x58 /home/johhn/桌面/sdk_test/GPRS_C_SDK/platform/lib/gcc/mips-elf/4.4.2/libgcc.a(_clz.o)

.debug_frame    0x0000000000000000      0x9dc
 *(.debug_frame)
 .debug_frame   0x0000000000000000       0x44 /home/johhn/桌面/sdk_test/GPRS_C_SDK/build/gps/init/lib/libinit_debug.a(sdk_init.o)
 .debug_frame   0x0000000000000044       0x8c /home/johhn/桌面/sdk_test/GPRS_C_SDK/build/gps/demo/gps/lib/libgps_debug.a(demo_gps.o)
 .debug_frame   0x00000000000000d0      0x3f0 /home/johhn/桌面/sdk_test/GPRS_C_SDK/build/gps/libs/lib/liblibs_debug.a(gps.o)
 .debug_frame   0x00000000000004c0       0x5c /home/johhn/桌面/sdk_test/GPRS_C_SDK/build/gps/libs/lib/liblibs_debug.a(gps_parse.o)
 .debug_frame   0x000000000000051c      0x19c /home/johhn/桌面/sdk_test/GPRS_C_SDK/build/gps/libs/lib/liblibs_debug.a(minmea.o)
 .debug_frame   0x00000000000006b8       0x28 /home/johhn/桌面/sdk_test/GPRS_C_SDK/build/gps/libs/lib/liblibs_debug.a(assert.o)
 .debug_frame   0x00000000000006e0       0xc8 /home/johhn/桌面/sdk_test/GPRS_C_SDK/build/gps/libs/lib/liblibs_debug.a(buffer.o)
 .debug_frame   0x00000000000007a8       0x28 /home/johhn/桌面/sdk_test/GPRS_C_SDK/platform/lib/gcc/mips-elf/4.4.2/libgcc.a(_sf_to_df.o)
 .debug_frame   0x00000000000007d0       0x70 /home/johhn/桌面/sdk_test/GPRS_C_SDK/platform/lib/gcc/mips-elf/4.4.2/libgcc.a(_addsub_df.o)
 .debug_frame   0x0000000000000840       0x30 /home/johhn/桌面/sdk_test/GPRS_C_SDK/platform/lib/gcc/mips-elf/4.4.2/libgcc.a(_div_df.o)
 .debug_frame   0x0000000000000870       0x30 /home/johhn/桌面/sdk_test/GPRS_C_SDK/platform/lib/gcc/mips-elf/4.4.2/libgcc.a(_si_to_df.o)
 .debug_frame   0x00000000000008a0       0x28 /home/johhn/桌面/sdk_test/GPRS_C_SDK/platform/lib/gcc/mips-elf/4.4.2/libgcc.a(_make_df.o)
 .debug_frame   0x00000000000008c8       0x2c /home/johhn/桌面/sdk_test/GPRS_C_SDK/platform/lib/gcc/mips-elf/4.4.2/libgcc.a(_lshrdi3.o)
 .debug_frame   0x00000000000008f4       0x2c /home/johhn/桌面/sdk_test/GPRS_C_SDK/platform/lib/gcc/mips-elf/4.4.2/libgcc.a(_ashldi3.o)
 .debug_frame   0x0000000000000920       0x2c /home/johhn/桌面/sdk_test/GPRS_C_SDK/platform/lib/gcc/mips-elf/4.4.2/libgcc.a(_ucmpdi2.o)
 .debug_frame   0x000000000000094c       0x20 /home/johhn/桌面/sdk_test/GPRS_C_SDK/platform/lib/gcc/mips-elf/4.4.2/libgcc.a(_clzsi2.o)
 .debug_frame   0x000000000000096c       0x20 /home/johhn/桌面/sdk_test/GPRS_C_SDK/platform/lib/gcc/mips-elf/4.4.2/libgcc.a(_unpack_sf.o)
 .debug_frame   0x000000000000098c       0x30 /home/johhn/桌面/sdk_test/GPRS_C_SDK/platform/lib/gcc/mips-elf/4.4.2/libgcc.a(_pack_df.o)
 .debug_frame   0x00000000000009bc       0x20 /home/johhn/桌面/sdk_test/GPRS_C_SDK/platform/lib/gcc/mips-elf/4.4.2/libgcc.a(_unpack_df.o)

.debug_str      0x0000000000000000     0x5ec4
 *(.debug_str)
 .debug_str     0x0000000000000000     0x4510 /home/johhn/桌面/sdk_test/GPRS_C_SDK/build/gps/init/lib/libinit_debug.a(sdk_init.o)
                                       0x4739 (size before relaxing)
 .debug_str     0x0000000000004510      0x9b2 /home/johhn/桌面/sdk_test/GPRS_C_SDK/build/gps/demo/gps/lib/libgps_debug.a(demo_gps.o)
                                       0x5033 (size before relaxing)
 .debug_str     0x0000000000004ec2      0x890 /home/johhn/桌面/sdk_test/GPRS_C_SDK/build/gps/libs/lib/liblibs_debug.a(gps.o)
                                       0x4f40 (size before relaxing)
 .debug_str     0x0000000000005752      0x14a /home/johhn/桌面/sdk_test/GPRS_C_SDK/build/gps/libs/lib/liblibs_debug.a(gps_parse.o)
                                        0x638 (size before relaxing)
 .debug_str     0x000000000000589c      0x22e /home/johhn/桌面/sdk_test/GPRS_C_SDK/build/gps/libs/lib/liblibs_debug.a(minmea.o)
                                       0x4d2d (size before relaxing)
 .debug_str     0x0000000000005aca       0x46 /home/johhn/桌面/sdk_test/GPRS_C_SDK/build/gps/libs/lib/liblibs_debug.a(assert.o)
                                       0x46ad (size before relaxing)
 .debug_str     0x0000000000005b10       0xa7 /home/johhn/桌面/sdk_test/GPRS_C_SDK/build/gps/libs/lib/liblibs_debug.a(buffer.o)
                                        0x1fd (size before relaxing)
 .debug_str     0x0000000000005bb7      0x10e /home/johhn/桌面/sdk_test/GPRS_C_SDK/platform/lib/gcc/mips-elf/4.4.2/libgcc.a(_sf_to_df.o)
                                        0x1c8 (size before relaxing)
 .debug_str     0x0000000000005cc5       0xb7 /home/johhn/桌面/sdk_test/GPRS_C_SDK/platform/lib/gcc/mips-elf/4.4.2/libgcc.a(_addsub_df.o)
                                        0x24d (size before relaxing)
 .debug_str     0x0000000000005d7c       0x35 /home/johhn/桌面/sdk_test/GPRS_C_SDK/platform/lib/gcc/mips-elf/4.4.2/libgcc.a(_div_df.o)
                                        0x20f (size before relaxing)
 .debug_str     0x0000000000005db1       0x1e /home/johhn/桌面/sdk_test/GPRS_C_SDK/platform/lib/gcc/mips-elf/4.4.2/libgcc.a(_si_to_df.o)
                                        0x1b4 (size before relaxing)
 .debug_str     0x0000000000005dcf        0xa /home/johhn/桌面/sdk_test/GPRS_C_SDK/platform/lib/gcc/mips-elf/4.4.2/libgcc.a(_make_df.o)
                                        0x18f (size before relaxing)
 .debug_str     0x0000000000000000      0x179 /home/johhn/桌面/sdk_test/GPRS_C_SDK/platform/lib/gcc/mips-elf/4.4.2/libgcc.a(_thenan_df.o)
 .debug_str     0x0000000000005dd9       0x81 /home/johhn/桌面/sdk_test/GPRS_C_SDK/platform/lib/gcc/mips-elf/4.4.2/libgcc.a(_lshrdi3.o)
                                        0x185 (size before relaxing)
 .debug_str     0x0000000000005e5a        0xa /home/johhn/桌面/sdk_test/GPRS_C_SDK/platform/lib/gcc/mips-elf/4.4.2/libgcc.a(_ashldi3.o)
                                        0x185 (size before relaxing)
 .debug_str     0x0000000000005e64       0x1a /home/johhn/桌面/sdk_test/GPRS_C_SDK/platform/lib/gcc/mips-elf/4.4.2/libgcc.a(_ucmpdi2.o)
                                        0x174 (size before relaxing)
 .debug_str     0x0000000000005e7e       0x20 /home/johhn/桌面/sdk_test/GPRS_C_SDK/platform/lib/gcc/mips-elf/4.4.2/libgcc.a(_clzsi2.o)
                                        0x165 (size before relaxing)
 .debug_str     0x0000000000005e9e        0xb /home/johhn/桌面/sdk_test/GPRS_C_SDK/platform/lib/gcc/mips-elf/4.4.2/libgcc.a(_unpack_sf.o)
                                        0x1b8 (size before relaxing)
 .debug_str     0x0000000000005ea9       0x10 /home/johhn/桌面/sdk_test/GPRS_C_SDK/platform/lib/gcc/mips-elf/4.4.2/libgcc.a(_pack_df.o)
                                        0x1dc (size before relaxing)
 .debug_str     0x0000000000005eb9        0xb /home/johhn/桌面/sdk_test/GPRS_C_SDK/platform/lib/gcc/mips-elf/4.4.2/libgcc.a(_unpack_df.o)
                                        0x1be (size before relaxing)
 .debug_str     0x0000000000000000      0x148 /home/johhn/桌面/sdk_test/GPRS_C_SDK/platform/lib/gcc/mips-elf/4.4.2/libgcc.a(_clz.o)

.debug_loc      0x0000000000000000     0x2a94
 *(.debug_loc)
 .debug_loc     0x0000000000000000       0x5c /home/johhn/桌面/sdk_test/GPRS_C_SDK/build/gps/init/lib/libinit_debug.a(sdk_init.o)
 .debug_loc     0x000000000000005c      0x14c /home/johhn/桌面/sdk_test/GPRS_C_SDK/build/gps/demo/gps/lib/libgps_debug.a(demo_gps.o)
 .debug_loc     0x00000000000001a8      0xef5 /home/johhn/桌面/sdk_test/GPRS_C_SDK/build/gps/libs/lib/liblibs_debug.a(gps.o)
 .debug_loc     0x000000000000109d       0xd7 /home/johhn/桌面/sdk_test/GPRS_C_SDK/build/gps/libs/lib/liblibs_debug.a(gps_parse.o)
 .debug_loc     0x0000000000001174      0xb8f /home/johhn/桌面/sdk_test/GPRS_C_SDK/build/gps/libs/lib/liblibs_debug.a(minmea.o)
 .debug_loc     0x0000000000001d03       0x66 /home/johhn/桌面/sdk_test/GPRS_C_SDK/build/gps/libs/lib/liblibs_debug.a(assert.o)
 .debug_loc     0x0000000000001d69      0x277 /home/johhn/桌面/sdk_test/GPRS_C_SDK/build/gps/libs/lib/liblibs_debug.a(buffer.o)
 .debug_loc     0x0000000000001fe0       0x32 /home/johhn/桌面/sdk_test/GPRS_C_SDK/platform/lib/gcc/mips-elf/4.4.2/libgcc.a(_sf_to_df.o)
 .debug_loc     0x0000000000002012      0x261 /home/johhn/桌面/sdk_test/GPRS_C_SDK/platform/lib/gcc/mips-elf/4.4.2/libgcc.a(_addsub_df.o)
 .debug_loc     0x0000000000002273      0x164 /home/johhn/桌面/sdk_test/GPRS_C_SDK/platform/lib/gcc/mips-elf/4.4.2/libgcc.a(_div_df.o)
 .debug_loc     0x00000000000023d7       0x90 /home/johhn/桌面/sdk_test/GPRS_C_SDK/platform/lib/gcc/mips-elf/4.4.2/libgcc.a(_si_to_df.o)
 .debug_loc     0x0000000000002467       0x7d /home/johhn/桌面/sdk_test/GPRS_C_SDK/platform/lib/gcc/mips-elf/4.4.2/libgcc.a(_make_df.o)
 .debug_loc     0x00000000000024e4       0xbd /home/johhn/桌面/sdk_test/GPRS_C_SDK/platform/lib/gcc/mips-elf/4.4.2/libgcc.a(_lshrdi3.o)
 .debug_loc     0x00000000000025a1       0xe5 /home/johhn/桌面/sdk_test/GPRS_C_SDK/platform/lib/gcc/mips-elf/4.4.2/libgcc.a(_ashldi3.o)
 .debug_loc     0x0000000000002686       0x6f /home/johhn/桌面/sdk_test/GPRS_C_SDK/platform/lib/gcc/mips-elf/4.4.2/libgcc.a(_ucmpdi2.o)
 .debug_loc     0x00000000000026f5       0x31 /home/johhn/桌面/sdk_test/GPRS_C_SDK/platform/lib/gcc/mips-elf/4.4.2/libgcc.a(_clzsi2.o)
 .debug_loc     0x0000000000002726       0x7b /home/johhn/桌面/sdk_test/GPRS_C_SDK/platform/lib/gcc/mips-elf/4.4.2/libgcc.a(_unpack_sf.o)
 .debug_loc     0x00000000000027a1      0x204 /home/johhn/桌面/sdk_test/GPRS_C_SDK/platform/lib/gcc/mips-elf/4.4.2/libgcc.a(_pack_df.o)
 .debug_loc     0x00000000000029a5       0xef /home/johhn/桌面/sdk_test/GPRS_C_SDK/platform/lib/gcc/mips-elf/4.4.2/libgcc.a(_unpack_df.o)

.debug_macinfo
 *(.debug_macinfo)

.debug_weaknames
 *(.debug_weaknames)

.debug_funcnames
 *(.debug_funcnames)

.debug_typenames
 *(.debug_typenames)

.debug_varnames
 *(.debug_varnames)

.gptab.sdata
 *(.gptab.data)
 *(.gptab.sdata)

.gptab.sbss
 *(.gptab.bss)
 *(.gptab.sbss)

/DISCARD/
 *(.rel.dyn)
 *(.note.GNU-stack)
 *(.eh_frame)
START GROUP
LOAD /home/johhn/桌面/sdk_test/GPRS_C_SDK/build/gps/init/lib/libinit_debug.a
LOAD /home/johhn/桌面/sdk_test/GPRS_C_SDK/build/gps/libs/lib/liblibs_debug.a
LOAD /home/johhn/桌面/sdk_test/GPRS_C_SDK/build/gps/demo/gps/lib/libgps_debug.a
END GROUP
LOAD /home/johhn/桌面/sdk_test/GPRS_C_SDK/platform/lib/gcc/mips-elf/4.4.2/libgcc.a
OUTPUT(/home/johhn/桌面/sdk_test/GPRS_C_SDK/build/gps//gps.elf elf32-littlemips)

.debug_ranges   0x0000000000000000      0x300
 .debug_ranges  0x0000000000000000       0x20 /home/johhn/桌面/sdk_test/GPRS_C_SDK/build/gps/init/lib/libinit_debug.a(sdk_init.o)
 .debug_ranges  0x0000000000000020       0x30 /home/johhn/桌面/sdk_test/GPRS_C_SDK/build/gps/demo/gps/lib/libgps_debug.a(demo_gps.o)
 .debug_ranges  0x0000000000000050      0x168 /home/johhn/桌面/sdk_test/GPRS_C_SDK/build/gps/libs/lib/liblibs_debug.a(gps.o)
 .debug_ranges  0x00000000000001b8       0x28 /home/johhn/桌面/sdk_test/GPRS_C_SDK/build/gps/libs/lib/liblibs_debug.a(gps_parse.o)
 .debug_ranges  0x00000000000001e0       0xa0 /home/johhn/桌面/sdk_test/GPRS_C_SDK/build/gps/libs/lib/liblibs_debug.a(minmea.o)
 .debug_ranges  0x0000000000000280       0x18 /home/johhn/桌面/sdk_test/GPRS_C_SDK/build/gps/libs/lib/liblibs_debug.a(assert.o)
 .debug_ranges  0x0000000000000298       0x50 /home/johhn/桌面/sdk_test/GPRS_C_SDK/build/gps/libs/lib/liblibs_debug.a(buffer.o)
 .debug_ranges  0x00000000000002e8       0x18 /home/johhn/桌面/sdk_test/GPRS_C_SDK/platform/lib/gcc/mips-elf/4.4.2/libgcc.a(_si_to_df.o)
